Microchip MPLAB XC8 Compiler V1.34 ()

Linker command line:

--edf=C:\Program Files (x86)\Microchip\xc8\v1.34\dat\en_msgs.txt -cs \
  -h+dist/default/production\WEBots_Project_Car_Battery_Management_2015.production.sym \
  --cmf=dist/default/production\WEBots_Project_Car_Battery_Management_2015.production.cmf \
  -z -Q16F917 -oC:\Users\ANDREW~1\AppData\Local\Temp\sa7c.6 \
  -Mdist/default/production/WEBots_Project_Car_Battery_Management_2015.production.map \
  -E1 -ver=XC8 -ASTACK=0120h-016fh -pstack=STACK -ACODE=00h-07FFhx4 \
  -ASTRCODE=00h-01FFFh -ASTRING=00h-0FFhx32 -ACONST=00h-0FFhx32 \
  -AENTRY=00h-0FFhx32 -ACOMMON=070h-07Fh -ABANK0=020h-06Fh \
  -ABANK1=0A0h-0EFh -ABANK2=0120h-016Fh -ABANK3=0190h-01EFh \
  -ARAM=020h-06Fh,0A0h-0EFh,0120h-016Fh,0190h-01EFh \
  -AABS1=020h-07Fh,0A0h-0EFh,0120h-016Fh,0190h-01EFh -ASFR0=00h-01Fh \
  -ASFR1=080h-09Fh -ASFR2=0100h-011Fh -ASFR3=0180h-018Fh \
  -preset_vec=00h,intentry=04h,init,end_init -ppowerup=CODE -pcinit=CODE \
  -pfunctab=CODE -ACONFIG=02007h-02007h -pconfig=CONFIG -DCONFIG=2 \
  -AIDLOC=02000h-02003h -pidloc=IDLOC -DIDLOC=2 -AEEDATA=00h-0FFh/02100h \
  -peeprom_data=EEDATA -DEEDATA=2 -DCODE=2 -DSTRCODE=2 -DSTRING=2 -DCONST=2 \
  -DENTRY=2 -k C:\Users\ANDREW~1\AppData\Local\Temp\sa7c.obj \
  dist/default/production\WEBots_Project_Car_Battery_Management_2015.production.obj 

Object code version is 3.11

Machine type is 16F917



                Name                               Link     Load   Length Selector   Space Scale
C:\Users\ANDREW~1\AppData\Local\Temp\sa7c.obj
                end_init                             12       12        3        8       0
                reset_vec                             0        0        3        0       0
                config                             2007     2007        1     400E       0
dist/default/production\WEBots_Project_Car_Battery_Management_2015.production.obj
                cinit                                15       15       42        8       0
                intentry                              4        4        E        8       0
                text35                             1400     1400       2A     2800       0
                text34                              7EA      7EA       12        8       0
                text33                             13C9     13C9       19     2792       0
                text32                             1399     1399       18     2732       0
                text31                             1378     1378       10     26F0       0
                text30                             1388     1388       11     2710       0
                text29                             1516     1516       39     2A2C       0
                text28                             142A     142A       2A     2854       0
                text27                             15C6     15C6       41     2B8C       0
                text26                             1704     1704       6E     2E08       0
                text25                              C96      C96      109     192C       0
                text24                              A05      A05       B8     140A       0
                text23                              ABD      ABD       D3     157A       0
                text22                             135F     135F        A     26BE       0
                text21                             1772     1772       8E     2EE4       0
                text20                             16A4     16A4       60     2D48       0
                text19                             147F     147F       2F     28FE       0
                text18                             1607     1607       41     2C0E       0
                text17                              404      404      30C        8       0
                text16                              D9F      D9F      261     1B3E       0
                text15                             1454     1454       2B     28A8       0
                text14                              8A9      8A9       A9     1152       0
                text13                              B90      B90      106     1720       0
                text12                             1648     1648       5C     2C90       0
                text11                             1369     1369        F     26D2       0
                text10                              802      802        C     1004       0
                text9                              14DF     14DF       37     29BE       0
                text8                              1588     1588       3E     2B10       0
                text7                              13B1     13B1       18     2762       0
                text6                              154F     154F       39     2A9E       0
                text5                               80E      80E       9B     101C       0
                text4                                57       57      3AD        8       0
                text3                              13E2     13E2       1E     27C4       0
                text2                               710      710       DA        8       0
                text1                               952      952       B3     12A4       0
                maintext                           14AE     14AE       31     295C       0
                cstackBANK0                          20       20       50       20       1
                cstackCOMMON                         70       70        8       70       1
                cstackBANK1                          A0       A0       2D       A0       1
                clrtext                            1357     1357        8     26AE       0
                bssBANK3                            190      190       30      190       1
                dataBANK1                            EB       EB        3       A0       1
                bssBANK1                             CD       CD       1E       A0       1
                dataCOMMON                           78       78        4       70       1
                bssCOMMON                            7C       7C        2       70       1
                strings                            1000     1000       8B     2000       0
                idataBANK1                         1354     1354        3     26A8       0
                idataCOMMON                         7FC      7FC        4        8       0

TOTAL           Name                               Link     Load   Length     Space
        CLASS   STACK          

        CLASS   CODE           
                end_init                             12       12        3         0
                cinit                                15       15       42         0
                intentry                              4        4        E         0
                reset_vec                             0        0        3         0
                text35                             1400     1400       2A         0
                text34                              7EA      7EA       12         0
                text33                             13C9     13C9       19         0
                text32                             1399     1399       18         0
                text31                             1378     1378       10         0
                text30                             1388     1388       11         0
                text29                             1516     1516       39         0
                text28                             142A     142A       2A         0
                text27                             15C6     15C6       41         0
                text26                             1704     1704       6E         0
                text25                              C96      C96      109         0
                text24                              A05      A05       B8         0
                text23                              ABD      ABD       D3         0
                text22                             135F     135F        A         0
                text21                             1772     1772       8E         0
                text20                             16A4     16A4       60         0
                text19                             147F     147F       2F         0
                text18                             1607     1607       41         0
                text17                              404      404      30C         0
                text16                              D9F      D9F      261         0
                text15                             1454     1454       2B         0
                text14                              8A9      8A9       A9         0
                text13                              B90      B90      106         0
                text12                             1648     1648       5C         0
                text11                             1369     1369        F         0
                text10                              802      802        C         0
                text9                              14DF     14DF       37         0
                text8                              1588     1588       3E         0
                text7                              13B1     13B1       18         0
                text6                              154F     154F       39         0
                text5                               80E      80E       9B         0
                text4                                57       57      3AD         0
                text3                              13E2     13E2       1E         0
                text2                               710      710       DA         0
                text1                               952      952       B3         0
                maintext                           14AE     14AE       31         0
                clrtext                            1357     1357        8         0
                idataBANK1                         1354     1354        3         0
                idataCOMMON                         7FC      7FC        4         0

        CLASS   STRCODE        

        CLASS   STRING         
                strings                            1000     1000       8B         0

        CLASS   CONST          

        CLASS   ENTRY          

        CLASS   COMMON         
                cstackCOMMON                         70       70        8         1
                dataCOMMON                           78       78        4         1
                bssCOMMON                            7C       7C        2         1

        CLASS   BANK0          
                cstackBANK0                          20       20       50         1

        CLASS   BANK1          
                cstackBANK1                          A0       A0       2D         1
                dataBANK1                            EB       EB        3         1
                bssBANK1                             CD       CD       1E         1

        CLASS   BANK2          

        CLASS   BANK3          
                bssBANK3                            190      190       30         1

        CLASS   RAM            

        CLASS   ABS1           
                abs_s1                               7E       7E        2         1

        CLASS   SFR0           

        CLASS   SFR1           

        CLASS   SFR2           

        CLASS   SFR3           

        CLASS   CONFIG         
                config                             2007     2007        1         0

        CLASS   IDLOC          

        CLASS   EEDATA         



SEGMENTS        Name                           Load    Length   Top    Selector   Space  Class     Delta

                reset_vec                      000000  000003  000003         0       0  CODE        2
                intentry                       000004  0007FC  000800         8       0  CODE        2
                cstackBANK0                    000020  000050  000070        20       1  BANK0       1
                cstackCOMMON                   000070  00000E  00007E        70       1  COMMON      1
                cstackBANK1                    0000A0  00004E  0000EE        A0       1  BANK1       1
                bssBANK3                       000190  000030  0001C0       190       1  BANK3       1
                text10                         000802  00000C  00080E      1004       0  CODE        2
                text5                          00080E  00009B  0008A9      101C       0  CODE        2
                text14                         0008A9  0000A9  000952      1152       0  CODE        2
                text1                          000952  0000B3  000A05      12A4       0  CODE        2
                text24                         000A05  0000B8  000ABD      140A       0  CODE        2
                text23                         000ABD  0000D3  000B90      157A       0  CODE        2
                text13                         000B90  000106  000C96      1720       0  CODE        2
                text25                         000C96  000109  000D9F      192C       0  CODE        2
                text16                         000D9F  000261  001000      1B3E       0  CODE        2
                strings                        001000  00008B  00108B      2000       0  STRING      2
                idataBANK1                     001354  000003  001357      26A8       0  CODE        2
                clrtext                        001357  000008  00135F      26AE       0  CODE        2
                text22                         00135F  00000A  001369      26BE       0  CODE        2
                text11                         001369  00000F  001378      26D2       0  CODE        2
                text31                         001378  000010  001388      26F0       0  CODE        2
                text30                         001388  000011  001399      2710       0  CODE        2
                text32                         001399  000018  0013B1      2732       0  CODE        2
                text7                          0013B1  000018  0013C9      2762       0  CODE        2
                text33                         0013C9  000019  0013E2      2792       0  CODE        2
                text3                          0013E2  00001E  001400      27C4       0  CODE        2
                text35                         001400  00002A  00142A      2800       0  CODE        2
                text28                         00142A  00002A  001454      2854       0  CODE        2
                text15                         001454  00002B  00147F      28A8       0  CODE        2
                text19                         00147F  00002F  0014AE      28FE       0  CODE        2
                maintext                       0014AE  000031  0014DF      295C       0  CODE        2
                text9                          0014DF  000037  001516      29BE       0  CODE        2
                text29                         001516  000039  00154F      2A2C       0  CODE        2
                text6                          00154F  000039  001588      2A9E       0  CODE        2
                text8                          001588  00003E  0015C6      2B10       0  CODE        2
                text27                         0015C6  000041  001607      2B8C       0  CODE        2
                text18                         001607  000041  001648      2C0E       0  CODE        2
                text12                         001648  00005C  0016A4      2C90       0  CODE        2
                text20                         0016A4  000060  001704      2D48       0  CODE        2
                text26                         001704  00006E  001772      2E08       0  CODE        2
                text21                         001772  00008E  001800      2EE4       0  CODE        2
                config                         002007  000001  002008      400E       0  CONFIG      2


UNUSED ADDRESS RANGES

        Name                Unused          Largest block    Delta
        BANK1            00EE-00EF              2           1
        BANK2            0120-016F             50           1
        BANK3            01C0-01EF             30           1
        CODE             0003-0003              1           2
                         0800-0801              2
                         108B-1353            2C9
                         1800-1FFF            800
        CONST            0003-0003              1           2
                         0800-0801              2
                         108B-1353            100
                         1800-1FFF            100
        EEDATA           2100-21FF            100           2
        ENTRY            0003-0003              1           2
                         0800-0801              2
                         108B-1353            100
                         1800-1FFF            100
        IDLOC            2000-2003              4           2
        RAM              00EE-00EF              2           1
                         0120-016F             50
                         01C0-01EF             30
        SFR0             0000-001F             20           1
        SFR1             0080-009F             20           1
        SFR2             0100-011F             20           1
        SFR3             0180-018F             10           1
        STACK            0120-016F             50           1
        STRCODE          0003-0003              1           2
                         0800-0801              2
                         108B-1353            2C9
                         1800-1FFF            800
        STRING           0003-0003              1           2
                         0800-0801              2
                         108B-1353            100
                         1800-1FFF            100

                                  Symbol Table

?___ftadd                    cstackBANK0  0031
?___ftdiv                    cstackBANK0  004E
?___ftmul                    cstackBANK0  003E
?___ftneg                    cstackBANK0  002E
?___ftpack                   cstackBANK0  0020
?___fttol                    cstackBANK0  005E
?___lbtoft                   cstackBANK0  0028
?___lldiv                    cstackBANK0  0020
?___lltoft                   cstackBANK0  0028
?___lmul                     cstackBANK0  0020
?___lwdiv                    cstackBANK0  0020
?___lwtoft                   cstackBANK0  0028
?_analogRead                 cstackBANK0  0020
?_sampleVoltage              cstackBANK0  005E
?_stopWatch                  cstackBANK0  006C
LCD4bitCmd@a                 cstackBANK0  0022
LCDSetBits@a                 cstackBANK0  0020
LCDSetCursor@a               cstackBANK0  0025
LCDWriteChar@a               cstackBANK0  0024
LCDWriteString@a             cstackBANK0  0025
LCDWriteString@i             cstackBANK0  002A
LCDcmd@a                     cstackBANK0  0024
_ADCON0                      (abs)        001F
_ADCON0bits                  (abs)        001F
_ADCON1                      (abs)        009F
_ADRESH                      (abs)        001E
_ADRESL                      (abs)        009E
_ANSEL                       (abs)        0091
_CCP1CON                     (abs)        0017
_CCP2CON                     (abs)        001D
_CMCON0bits                  (abs)        009C
_INTCONbits                  (abs)        000B
_LCD4bitCmd                  text30       1388
_LCDCON                      (abs)        0107
_LCDDisplayMode              bssBANK1     00EA
_LCDSetBits                  text32       1399
_LCDSetCursor                text29       1516
_LCDWriteChar                text28       142A
_LCDWriteString              text27       15C6
_LCDcmd                      text15       1454
_LVDCONbits                  (abs)        0109
_OPTION_REGbits              (abs)        0081
_OSCCONbits                  (abs)        008F
_PORTA                       (abs)        0005
_PORTB                       (abs)        0006
_PORTC                       (abs)        0007
_PORTD                       (abs)        0008
_PORTE                       (abs)        0009
_RA6                         (abs)        002E
_RA7                         (abs)        002F
_RB0                         (abs)        0030
_RB1                         (abs)        0031
_RB2                         (abs)        0032
_RB3                         (abs)        0033
_RB4                         (abs)        0034
_RB5                         (abs)        0035
_RC0                         (abs)        0038
_RC1                         (abs)        0039
_RC2                         (abs)        003A
_RC3                         (abs)        003B
_RD0                         (abs)        0040
_RD1                         (abs)        0041
_RD2                         (abs)        0042
_RD4                         (abs)        0044
_RD5                         (abs)        0045
_RD7                         (abs)        0047
_TMR0                        (abs)        0001
_TRISA                       (abs)        0085
_TRISB                       (abs)        0086
_TRISC                       (abs)        0087
_TRISD                       (abs)        0088
_TRISE                       (abs)        0089
__CFG_BOREN$OFF              (abs)        0000
__CFG_CP$OFF                 (abs)        0000
__CFG_CPD$OFF                (abs)        0000
__CFG_DEBUG$ON               (abs)        0000
__CFG_FCMEN$OFF              (abs)        0000
__CFG_FOSC$INTOSCIO          (abs)        0000
__CFG_IESO$ON                (abs)        0000
__CFG_MCLRE$ON               (abs)        0000
__CFG_PWRTE$OFF              (abs)        0000
__CFG_WDTE$OFF               (abs)        0000
__Habs1                      abs1         0000
__Hbank0                     bank0        0000
__Hbank1                     bank1        0000
__Hbank2                     bank2        0000
__Hbank3                     bank3        0000
__HbssBANK1                  bssBANK1     0000
__HbssBANK3                  bssBANK3     0000
__HbssCOMMON                 bssCOMMON    0000
__Hcinit                     cinit        0057
__Hclrtext                   clrtext      0000
__Hcode                      code         0000
__Hcommon                    common       0000
__Hconfig                    config       2008
__HcstackBANK0               cstackBANK0  0000
__HcstackBANK1               cstackBANK1  0000
__HcstackCOMMON              cstackCOMMON 0000
__HdataBANK1                 dataBANK1    0000
__HdataCOMMON                dataCOMMON   0000
__Heeprom_data               eeprom_data  0000
__Hend_init                  end_init     0015
__Hfunctab                   functab      0000
__HidataBANK1                idataBANK1   0000
__HidataCOMMON               idataCOMMON  0000
__Hidloc                     idloc        0000
__Hinit                      init         0012
__Hintentry                  intentry     0012
__Hmaintext                  maintext     0000
__Hpowerup                   powerup      0000
__Hram                       ram          0000
__Hreset_vec                 reset_vec    0003
__Hsfr0                      sfr0         0000
__Hsfr1                      sfr1         0000
__Hsfr2                      sfr2         0000
__Hsfr3                      sfr3         0000
__Hspace_0                   (abs)        2008
__Hspace_1                   (abs)        01C0
__Hspace_2                   (abs)        0000
__Hspace_3                   (abs)        0000
__Hstack                     stack        0000
__Hstrings                   strings      0000
__Htext                      text         0000
__Labs1                      abs1         0000
__Lbank0                     bank0        0000
__Lbank1                     bank1        0000
__Lbank2                     bank2        0000
__Lbank3                     bank3        0000
__LbssBANK1                  bssBANK1     0000
__LbssBANK3                  bssBANK3     0000
__LbssCOMMON                 bssCOMMON    0000
__Lcinit                     cinit        0015
__Lclrtext                   clrtext      0000
__Lcode                      code         0000
__Lcommon                    common       0000
__Lconfig                    config       2007
__LcstackBANK0               cstackBANK0  0000
__LcstackBANK1               cstackBANK1  0000
__LcstackCOMMON              cstackCOMMON 0000
__LdataBANK1                 dataBANK1    0000
__LdataCOMMON                dataCOMMON   0000
__Leeprom_data               eeprom_data  0000
__Lend_init                  end_init     0012
__Lfunctab                   functab      0000
__LidataBANK1                idataBANK1   0000
__LidataCOMMON               idataCOMMON  0000
__Lidloc                     idloc        0000
__Linit                      init         0012
__Lintentry                  intentry     0004
__Lmaintext                  maintext     0000
__Lpowerup                   powerup      0000
__Lram                       ram          0000
__Lreset_vec                 reset_vec    0000
__Lsfr0                      sfr0         0000
__Lsfr1                      sfr1         0000
__Lsfr2                      sfr2         0000
__Lsfr3                      sfr3         0000
__Lspace_0                   (abs)        0000
__Lspace_1                   (abs)        0000
__Lspace_2                   (abs)        0000
__Lspace_3                   (abs)        0000
__Lstack                     stack        0000
__Lstrings                   strings      0000
__Ltext                      text         0000
__S0                         (abs)        2008
__S1                         (abs)        01C0
__S2                         (abs)        0000
__S3                         (abs)        0000
___ftadd                     text25       0C96
___ftadd@exp1                cstackBANK0  003D
___ftadd@exp2                cstackBANK0  003C
___ftadd@f1                  cstackBANK0  0031
___ftadd@f2                  cstackBANK0  0034
___ftadd@sign                cstackBANK0  003B
___ftdiv                     text24       0A05
___ftdiv@cntr                cstackBANK0  0058
___ftdiv@exp                 cstackBANK0  005C
___ftdiv@f1                  cstackBANK0  0051
___ftdiv@f2                  cstackBANK0  004E
___ftdiv@f3                  cstackBANK0  0059
___ftdiv@sign                cstackBANK0  005D
___ftmul                     text23       0ABD
___ftmul@cntr                cstackBANK0  004C
___ftmul@exp                 cstackBANK0  0048
___ftmul@f1                  cstackBANK0  003E
___ftmul@f2                  cstackBANK0  0041
___ftmul@f3_as_product       cstackBANK0  0049
___ftmul@sign                cstackBANK0  004D
___ftneg                     text22       135F
___ftneg@f1                  cstackBANK0  002E
___ftpack                    text26       1704
___ftpack@arg                cstackBANK0  0020
___ftpack@exp                cstackBANK0  0023
___ftpack@sign               cstackBANK0  0024
___fttol                     text21       1772
___fttol@exp1                cstackBANK0  006B
___fttol@f1                  cstackBANK0  005E
___fttol@lval                cstackBANK0  0067
___fttol@sign1               cstackBANK0  0066
___int_sp                    stack        0000
___latbits                   (abs)        0002
___lbtoft                    text3        13E2
___lbtoft@c                  cstackBANK0  002F
___lldiv                     text20       16A4
___lldiv@counter             cstackBANK0  002D
___lldiv@dividend            cstackBANK0  0024
___lldiv@divisor             cstackBANK0  0020
___lldiv@quotient            cstackBANK0  0029
___lltoft                    text19       147F
___lltoft@c                  cstackBANK0  0028
___lltoft@exp                cstackBANK0  002D
___lmul                      text18       1607
___lmul@multiplicand         cstackBANK0  0024
___lmul@multiplier           cstackBANK0  0020
___lmul@product              cstackBANK0  0029
___lwdiv                     text8        1588
___lwdiv@counter             cstackBANK0  0027
___lwdiv@dividend            cstackBANK0  0022
___lwdiv@divisor             cstackBANK0  0020
___lwdiv@quotient            cstackBANK0  0025
___lwtoft                    text7        13B1
___lwtoft@c                  cstackBANK0  0028
___sp                        stack        0000
__end_of_LCD4bitCmd          text30       1399
__end_of_LCDSetBits          text32       13B1
__end_of_LCDSetCursor        text29       154F
__end_of_LCDWriteChar        text28       1454
__end_of_LCDWriteString      text27       1607
__end_of_LCDcmd              text15       147F
__end_of___ftadd             text25       0D9F
__end_of___ftdiv             text24       0ABD
__end_of___ftmul             text23       0B90
__end_of___ftneg             text22       1369
__end_of___ftpack            text26       1772
__end_of___fttol             text21       1800
__end_of___lbtoft            text3        1400
__end_of___lldiv             text20       1704
__end_of___lltoft            text19       14AE
__end_of___lmul              text18       1648
__end_of___lwdiv             text8        15C6
__end_of___lwtoft            text7        13C9
__end_of__initialization     cinit        0053
__end_of__stringtab          strings      1010
__end_of_analogRead          text6        1588
__end_of_cell1RR             strings      101D
__end_of_cell2RR             strings      1020
__end_of_cell3RR             strings      1023
__end_of_cell4RR             strings      1026
__end_of_cell5RR             strings      1029
__end_of_cell6RR             strings      102C
__end_of_cellVoltL           strings      1013
__end_of_convConst           strings      1016
__end_of_currentGainInit     text33       13E2
__end_of_displayLCD          text16       1000
__end_of_floatToASCII        text17       0710
__end_of_handlePB            text12       16A4
__end_of_initADC             text11       1378
__end_of_initController      text9        1516
__end_of_initLCD             text14       0952
__end_of_isr                 text34       07FC
__end_of_isrTimer0           text35       142A
__end_of_main                maintext     14DF
__end_of_pulse               text31       1388
__end_of_refVolt             strings      1019
__end_of_sampleBatteryCells  text4        0404
__end_of_sampleCurrent       text2        07EA
__end_of_sampleNum           strings      101A
__end_of_sampleReference     text1        0A05
__end_of_sampleVoltage       text5        08A9
__end_of_stopWatch           text13       0C96
__end_of_timeSetup           text10       080E
__initialization             cinit        0015
__pbssBANK1                  bssBANK1     00CD
__pbssBANK3                  bssBANK3     0190
__pbssCOMMON                 bssCOMMON    007C
__pcstackBANK0               cstackBANK0  0020
__pcstackBANK1               cstackBANK1  00A0
__pcstackCOMMON              cstackCOMMON 0070
__pdataBANK1                 dataBANK1    00EB
__pdataCOMMON                dataCOMMON   0078
__pidataBANK1                idataBANK1   1354
__pidataCOMMON               idataCOMMON  07FC
__pintentry                  intentry     0004
__pmaintext                  maintext     14AE
__pstrings                   strings      1000
__ptext1                     text1        0952
__ptext10                    text10       0802
__ptext11                    text11       1369
__ptext12                    text12       1648
__ptext13                    text13       0B90
__ptext14                    text14       08A9
__ptext15                    text15       1454
__ptext16                    text16       0D9F
__ptext17                    text17       0404
__ptext18                    text18       1607
__ptext19                    text19       147F
__ptext2                     text2        0710
__ptext20                    text20       16A4
__ptext21                    text21       1772
__ptext22                    text22       135F
__ptext23                    text23       0ABD
__ptext24                    text24       0A05
__ptext25                    text25       0C96
__ptext26                    text26       1704
__ptext27                    text27       15C6
__ptext28                    text28       142A
__ptext29                    text29       1516
__ptext3                     text3        13E2
__ptext30                    text30       1388
__ptext31                    text31       1378
__ptext32                    text32       1399
__ptext33                    text33       13C9
__ptext34                    text34       07EA
__ptext35                    text35       1400
__ptext4                     text4        0057
__ptext5                     text5        080E
__ptext6                     text6        154F
__ptext7                     text7        13B1
__ptext8                     text8        1588
__ptext9                     text9        14DF
__size_of_LCD4bitCmd         (abs)        0000
__size_of_LCDSetBits         (abs)        0000
__size_of_LCDSetCursor       (abs)        0000
__size_of_LCDWriteChar       (abs)        0000
__size_of_LCDWriteString     (abs)        0000
__size_of_LCDcmd             (abs)        0000
__size_of___ftadd            (abs)        0000
__size_of___ftdiv            (abs)        0000
__size_of___ftmul            (abs)        0000
__size_of___ftneg            (abs)        0000
__size_of___ftpack           (abs)        0000
__size_of___fttol            (abs)        0000
__size_of___lbtoft           (abs)        0000
__size_of___lldiv            (abs)        0000
__size_of___lltoft           (abs)        0000
__size_of___lmul             (abs)        0000
__size_of___lwdiv            (abs)        0000
__size_of___lwtoft           (abs)        0000
__size_of_analogRead         (abs)        0000
__size_of_currentGainInit    (abs)        0000
__size_of_displayLCD         (abs)        0000
__size_of_floatToASCII       (abs)        0000
__size_of_handlePB           (abs)        0000
__size_of_initADC            (abs)        0000
__size_of_initController     (abs)        0000
__size_of_initLCD            (abs)        0000
__size_of_isr                (abs)        0000
__size_of_isrTimer0          (abs)        0000
__size_of_main               (abs)        0000
__size_of_pulse              (abs)        0000
__size_of_sampleBatteryCells (abs)        0000
__size_of_sampleCurrent      (abs)        0000
__size_of_sampleReference    (abs)        0000
__size_of_sampleVoltage      (abs)        0000
__size_of_stopWatch          (abs)        0000
__size_of_timeSetup          (abs)        0000
__stringbase                 strings      100F
__stringtab                  strings      1000
_analogRead                  text6        154F
_cell1RR                     strings      101A
_cell2RR                     strings      101D
_cell3RR                     strings      1020
_cell4RR                     strings      1023
_cell5RR                     strings      1026
_cell6RR                     strings      1029
_cellVolt                    bssBANK1     00CD
_cellVoltL                   strings      1010
_convConst                   strings      1013
_current                     bssBANK1     00E7
_currentGain                 dataCOMMON   007B
_currentGainInit             text33       13C9
_displayLCD                  text16       0D9F
_floatToASCII                text17       0404
_handlePB                    text12       1648
_initADC                     text11       1369
_initController              text9        14DF
_initLCD                     text14       08A9
_isr                         text34       07EA
_isrTimer0                   text35       1400
_main                        maintext     14AE
_pulse                       text31       1378
_refValue                    bssCOMMON    007C
_refVolt                     strings      1016
_sampleBatteryCells          text4        0057
_sampleBatteryCells$889      cstackBANK0  006A
_sampleBatteryCells$890      cstackBANK0  006D
_sampleCurrent               text2        0710
_sampleCurrent$891           cstackBANK0  0060
_sampleNum                   strings      1019
_sampleReference             text1        0952
_sampleVoltage               text5        080E
_shuntRes                    dataBANK1    00EB
_stopWatch                   text13       0B90
_supVolt                     dataCOMMON   0078
_time                        bssBANK1     00DF
_timeSetup                   text10       0802
analogRead@chan              cstackBANK0  0024
analogRead@returnVal         cstackBANK0  0025
btemp                        (abs)        007E
clear_ram0                   clrtext      1357
currentGainInit@gain         cstackBANK0  0020
displayLCD@F2781             bssBANK3     01B0
displayLCD@F2783             bssBANK3     01B8
displayLCD@disp              cstackBANK1  00B5
displayLCD@temp1             cstackBANK1  00BB
displayLCD@temp2             cstackBANK1  00C3
end_of_initialization        cinit        0053
floatToASCII@decPoint        cstackBANK1  00A7
floatToASCII@i               cstackBANK1  00B3
floatToASCII@j               cstackBANK1  00A8
floatToASCII@j_342           cstackBANK1  00A5
floatToASCII@k               cstackBANK1  00AA
floatToASCII@leading         cstackBANK1  00A6
floatToASCII@num             cstackBANK0  006C
floatToASCII@precision       cstackBANK0  006F
floatToASCII@prevSum         cstackBANK1  00AB
floatToASCII@returnVal       cstackBANK1  00B4
floatToASCII@scaler          cstackBANK1  00AF
interrupt_function           intentry     0004
intlevel0                    functab      0000
intlevel1                    functab      0000
intlevel2                    functab      0000
intlevel3                    functab      0000
intlevel4                    functab      0000
intlevel5                    functab      0000
ltemp                        (abs)        007E
ltemp0                       (abs)        007E
ltemp1                       (abs)        0082
ltemp2                       (abs)        0086
ltemp3                       (abs)        0080
reset_vec                    reset_vec    0000
sampleCurrent@i              cstackBANK0  0063
sampleCurrent@temp           cstackBANK0  0065
sampleReference@i            cstackBANK0  0060
sampleVoltage@chan           cstackBANK0  0063
sampleVoltage@i              cstackBANK0  0064
sampleVoltage@temp           cstackBANK0  0066
saved_w                      (abs)        007E
stackhi                      (abs)        0000
stacklo                      (abs)        0000
start                        init         0012
start_initialization         cinit        0015
stopWatch@mode               cstackBANK1  00AC
stopWatch@startTime          bssBANK1     00E3
stopWatch@temp               cstackBANK1  00AD
ttemp                        (abs)        007E
ttemp0                       (abs)        007E
ttemp1                       (abs)        0081
ttemp2                       (abs)        0084
ttemp3                       (abs)        0087
ttemp4                       (abs)        007F
wtemp                        (abs)        007E
wtemp0                       (abs)        007E
wtemp1                       (abs)        0080
wtemp2                       (abs)        0082
wtemp3                       (abs)        0084
wtemp4                       (abs)        0086
wtemp5                       (abs)        0088
wtemp6                       (abs)        007F


FUNCTION INFORMATION:

 *************** function _main *****************
 Defined at:
		line 64 in file "PIC16F917 Battery Management.c"
 Parameters:    Size  Location     Type
		None
 Auto vars:     Size  Location     Type
		None
 Return value:  Size  Location     Type
		None               void
 Registers used:
		wreg, fsr0l, fsr0h, status,2, status,0, btemp+1, pclath, cstack
 Tracked objects:
		On entry : 
		On exit  : 
		Unchanged: 
 Data sizes:     COMMON   BANK0   BANK1   BANK3   BANK2
      Params:         0       0       0       0       0
      Locals:         0       0       0       0       0
      Temps:          0       0       2       0       0
      Totals:         0       0       2       0       0
Total ram usage:        2 bytes
 Hardware stack levels required when called:    6
 This function calls:
		_currentGainInit
		_displayLCD
		_handlePB
		_initController
		_sampleBatteryCells
		_sampleCurrent
		_sampleReference
 This function is called by:
		Startup code after reset
 This function uses a non-reentrant model


 *************** function _sampleReference *****************
 Defined at:
		line 120 in file "PIC16F917 Battery Management.c"
 Parameters:    Size  Location     Type
		None
 Auto vars:     Size  Location     Type
  i               2   64[BANK0 ] int 
 Return value:  Size  Location     Type
		None               void
 Registers used:
		wreg, fsr0l, fsr0h, status,2, status,0, pclath, cstack
 Tracked objects:
		On entry : 
		On exit  : 
		Unchanged: 
 Data sizes:     COMMON   BANK0   BANK1   BANK3   BANK2
      Params:         0       0       0       0       0
      Locals:         0       2       0       0       0
      Temps:          0       2       0       0       0
      Totals:         0       4       0       0       0
Total ram usage:        4 bytes
 Hardware stack levels used:    1
 Hardware stack levels required when called:    4
 This function calls:
		___ftdiv
		___ftmul
		___lwdiv
		___lwtoft
		_analogRead
 This function is called by:
		_main
		_checkCurrent
		_systemCheck
 This function uses a non-reentrant model


 *************** function _sampleCurrent *****************
 Defined at:
		line 165 in file "PIC16F917 Battery Management.c"
 Parameters:    Size  Location     Type
		None
 Auto vars:     Size  Location     Type
  i               2   67[BANK0 ] int 
  temp            2   69[BANK0 ] unsigned int 
 Return value:  Size  Location     Type
		None               void
 Registers used:
		wreg, fsr0l, fsr0h, status,2, status,0, pclath, cstack
 Tracked objects:
		On entry : 
		On exit  : 
		Unchanged: 
 Data sizes:     COMMON   BANK0   BANK1   BANK3   BANK2
      Params:         0       0       0       0       0
      Locals:         0       7       0       0       0
      Temps:          0       2       0       0       0
      Totals:         0       9       0       0       0
Total ram usage:        9 bytes
 Hardware stack levels used:    1
 Hardware stack levels required when called:    4
 This function calls:
		___ftdiv
		___ftmul
		___lbtoft
		___lwdiv
		___lwtoft
		_analogRead
 This function is called by:
		_main
		_checkCurrent
		_systemCheck
 This function uses a non-reentrant model


 *************** function ___lbtoft *****************
 Defined at:
		line 27 in file "C:\Program Files (x86)\Microchip\xc8\v1.34\sources\common\lbtoft.c"
 Parameters:    Size  Location     Type
  c               1    wreg     unsigned char 
 Auto vars:     Size  Location     Type
  c               1   15[BANK0 ] unsigned char 
 Return value:  Size  Location     Type
                  3    8[BANK0 ] float 
 Registers used:
		wreg, status,2, status,0, pclath, cstack
 Tracked objects:
		On entry : 
		On exit  : 
		Unchanged: 
 Data sizes:     COMMON   BANK0   BANK1   BANK3   BANK2
      Params:         0       3       0       0       0
      Locals:         0       1       0       0       0
      Temps:          0       4       0       0       0
      Totals:         0       8       0       0       0
Total ram usage:        8 bytes
 Hardware stack levels used:    1
 Hardware stack levels required when called:    3
 This function calls:
		___ftpack
 This function is called by:
		_sampleCurrent
 This function uses a non-reentrant model


 *************** function _sampleBatteryCells *****************
 Defined at:
		line 89 in file "PIC16F917 Battery Management.c"
 Parameters:    Size  Location     Type
		None
 Auto vars:     Size  Location     Type
		None
 Return value:  Size  Location     Type
		None               void
 Registers used:
		wreg, fsr0l, fsr0h, status,2, status,0, pclath, cstack
 Tracked objects:
		On entry : 
		On exit  : 
		Unchanged: 
 Data sizes:     COMMON   BANK0   BANK1   BANK3   BANK2
      Params:         0       0       0       0       0
      Locals:         0       6       0       0       0
      Temps:          0       2       0       0       0
      Totals:         0       8       0       0       0
Total ram usage:        8 bytes
 Hardware stack levels used:    1
 Hardware stack levels required when called:    5
 This function calls:
		___ftadd
		___ftmul
		_sampleVoltage
 This function is called by:
		_main
		_systemCheck
 This function uses a non-reentrant model


 *************** function _sampleVoltage *****************
 Defined at:
		line 148 in file "PIC16F917 Battery Management.c"
 Parameters:    Size  Location     Type
  chan            1    wreg     enum E2721
 Auto vars:     Size  Location     Type
  chan            1   67[BANK0 ] enum E2721
  i               2   68[BANK0 ] int 
  temp            2   70[BANK0 ] unsigned int 
 Return value:  Size  Location     Type
                  3   62[BANK0 ] float 
 Registers used:
		wreg, fsr0l, fsr0h, status,2, status,0, pclath, cstack
 Tracked objects:
		On entry : 
		On exit  : 
		Unchanged: 
 Data sizes:     COMMON   BANK0   BANK1   BANK3   BANK2
      Params:         0       3       0       0       0
      Locals:         0       5       0       0       0
      Temps:          0       2       0       0       0
      Totals:         0      10       0       0       0
Total ram usage:       10 bytes
 Hardware stack levels used:    1
 Hardware stack levels required when called:    4
 This function calls:
		___ftdiv
		___ftmul
		___lwdiv
		___lwtoft
		_analogRead
 This function is called by:
		_sampleBatteryCells
 This function uses a non-reentrant model


 *************** function _analogRead *****************
 Defined at:
		line 73 in file "adc.h"
 Parameters:    Size  Location     Type
  chan            1    wreg     unsigned char 
 Auto vars:     Size  Location     Type
  chan            1    4[BANK0 ] unsigned char 
  returnVal       2    5[BANK0 ] unsigned int 
 Return value:  Size  Location     Type
                  2    0[BANK0 ] unsigned int 
 Registers used:
		wreg, status,2, status,0
 Tracked objects:
		On entry : 
		On exit  : 
		Unchanged: 
 Data sizes:     COMMON   BANK0   BANK1   BANK3   BANK2
      Params:         0       2       0       0       0
      Locals:         0       3       0       0       0
      Temps:          0       2       0       0       0
      Totals:         0       7       0       0       0
Total ram usage:        7 bytes
 Hardware stack levels used:    1
 Hardware stack levels required when called:    2
 This function calls:
		Nothing
 This function is called by:
		_sampleReference
		_sampleVoltage
		_sampleCurrent
 This function uses a non-reentrant model


 *************** function ___lwtoft *****************
 Defined at:
		line 28 in file "C:\Program Files (x86)\Microchip\xc8\v1.34\sources\common\lwtoft.c"
 Parameters:    Size  Location     Type
  c               2    8[BANK0 ] unsigned int 
 Auto vars:     Size  Location     Type
		None
 Return value:  Size  Location     Type
                  3    8[BANK0 ] float 
 Registers used:
		wreg, status,2, status,0, pclath, cstack
 Tracked objects:
		On entry : 
		On exit  : 
		Unchanged: 
 Data sizes:     COMMON   BANK0   BANK1   BANK3   BANK2
      Params:         0       3       0       0       0
      Locals:         0       0       0       0       0
      Temps:          0       1       0       0       0
      Totals:         0       4       0       0       0
Total ram usage:        4 bytes
 Hardware stack levels used:    1
 Hardware stack levels required when called:    3
 This function calls:
		___ftpack
 This function is called by:
		_sampleReference
		_sampleVoltage
		_sampleCurrent
 This function uses a non-reentrant model


 *************** function ___lwdiv *****************
 Defined at:
		line 6 in file "C:\Program Files (x86)\Microchip\xc8\v1.34\sources\common\lwdiv.c"
 Parameters:    Size  Location     Type
  divisor         2    0[BANK0 ] unsigned int 
  dividend        2    2[BANK0 ] unsigned int 
 Auto vars:     Size  Location     Type
  quotient        2    5[BANK0 ] unsigned int 
  counter         1    7[BANK0 ] unsigned char 
 Return value:  Size  Location     Type
                  2    0[BANK0 ] unsigned int 
 Registers used:
		wreg, status,2, status,0
 Tracked objects:
		On entry : 
		On exit  : 
		Unchanged: 
 Data sizes:     COMMON   BANK0   BANK1   BANK3   BANK2
      Params:         0       4       0       0       0
      Locals:         0       3       0       0       0
      Temps:          0       1       0       0       0
      Totals:         0       8       0       0       0
Total ram usage:        8 bytes
 Hardware stack levels used:    1
 Hardware stack levels required when called:    2
 This function calls:
		Nothing
 This function is called by:
		_sampleReference
		_sampleVoltage
		_sampleCurrent
		_uint16ToASCII
 This function uses a non-reentrant model


 *************** function _initController *****************
 Defined at:
		line 214 in file "setup.h"
 Parameters:    Size  Location     Type
		None
 Auto vars:     Size  Location     Type
		None
 Return value:  Size  Location     Type
		None               void
 Registers used:
		wreg, status,2, status,0, pclath, cstack
 Tracked objects:
		On entry : 
		On exit  : 
		Unchanged: 
 Data sizes:     COMMON   BANK0   BANK1   BANK3   BANK2
      Params:         0       0       0       0       0
      Locals:         0       0       0       0       0
      Temps:          0       0       0       0       0
      Totals:         0       0       0       0       0
Total ram usage:        0 bytes
 Hardware stack levels used:    1
 Hardware stack levels required when called:    5
 This function calls:
		_initADC
		_initLCD
		_timeSetup
 This function is called by:
		_main
 This function uses a non-reentrant model


 *************** function _timeSetup *****************
 Defined at:
		line 49 in file "timer0.h"
 Parameters:    Size  Location     Type
		None
 Auto vars:     Size  Location     Type
		None
 Return value:  Size  Location     Type
		None               void
 Registers used:
		wreg, status,2, status,0
 Tracked objects:
		On entry : 
		On exit  : 
		Unchanged: 
 Data sizes:     COMMON   BANK0   BANK1   BANK3   BANK2
      Params:         0       0       0       0       0
      Locals:         0       0       0       0       0
      Temps:          0       0       0       0       0
      Totals:         0       0       0       0       0
Total ram usage:        0 bytes
 Hardware stack levels used:    1
 Hardware stack levels required when called:    2
 This function calls:
		Nothing
 This function is called by:
		_initController
 This function uses a non-reentrant model


 *************** function _initADC *****************
 Defined at:
		line 56 in file "adc.h"
 Parameters:    Size  Location     Type
		None
 Auto vars:     Size  Location     Type
		None
 Return value:  Size  Location     Type
		None               void
 Registers used:
		wreg, status,2
 Tracked objects:
		On entry : 
		On exit  : 
		Unchanged: 
 Data sizes:     COMMON   BANK0   BANK1   BANK3   BANK2
      Params:         0       0       0       0       0
      Locals:         0       0       0       0       0
      Temps:          0       0       0       0       0
      Totals:         0       0       0       0       0
Total ram usage:        0 bytes
 Hardware stack levels used:    1
 Hardware stack levels required when called:    2
 This function calls:
		Nothing
 This function is called by:
		_initController
 This function uses a non-reentrant model


 *************** function _handlePB *****************
 Defined at:
		line 312 in file "PIC16F917 Battery Management.c"
 Parameters:    Size  Location     Type
		None
 Auto vars:     Size  Location     Type
		None
 Return value:  Size  Location     Type
		None               void
 Registers used:
		wreg, fsr0l, fsr0h, status,2, status,0, pclath, cstack
 Tracked objects:
		On entry : 
		On exit  : 
		Unchanged: 
 Data sizes:     COMMON   BANK0   BANK1   BANK3   BANK2
      Params:         0       0       0       0       0
      Locals:         0       0       0       0       0
      Temps:          0       0       3       0       0
      Totals:         0       0       3       0       0
Total ram usage:        3 bytes
 Hardware stack levels used:    1
 Hardware stack levels required when called:    5
 This function calls:
		_initLCD
		_stopWatch
 This function is called by:
		_main
 This function uses a non-reentrant model


 *************** function _stopWatch *****************
 Defined at:
		line 81 in file "timer0.h"
 Parameters:    Size  Location     Type
  mode            1    wreg     unsigned char 
 Auto vars:     Size  Location     Type
  mode            1   12[BANK1 ] unsigned char 
  temp            4   13[BANK1 ] unsigned long 
 Return value:  Size  Location     Type
                  4   76[BANK0 ] unsigned long 
 Registers used:
		wreg, fsr0l, fsr0h, status,2, status,0, pclath, cstack
 Tracked objects:
		On entry : 
		On exit  : 
		Unchanged: 
 Data sizes:     COMMON   BANK0   BANK1   BANK3   BANK2
      Params:         0       4       0       0       0
      Locals:         0       0       5       0       0
      Temps:          0       0      12       0       0
      Totals:         0       4      17       0       0
Total ram usage:       21 bytes
 Hardware stack levels used:    1
 Hardware stack levels required when called:    4
 This function calls:
		___ftmul
		___fttol
		___lltoft
 This function is called by:
		_handlePB
 This function uses a non-reentrant model


 *************** function _initLCD *****************
 Defined at:
		line 52 in file "lcd.h"
 Parameters:    Size  Location     Type
		None
 Auto vars:     Size  Location     Type
		None
 Return value:  Size  Location     Type
		None               void
 Registers used:
		wreg, status,2, status,0, pclath, cstack
 Tracked objects:
		On entry : 
		On exit  : 
		Unchanged: 
 Data sizes:     COMMON   BANK0   BANK1   BANK3   BANK2
      Params:         0       0       0       0       0
      Locals:         0       0       0       0       0
      Temps:          0       3       0       0       0
      Totals:         0       3       0       0       0
Total ram usage:        3 bytes
 Hardware stack levels used:    1
 Hardware stack levels required when called:    4
 This function calls:
		_LCDSetBits
		_LCDcmd
		_pulse
 This function is called by:
		_initController
		_handlePB
 This function uses a non-reentrant model


 *************** function _LCDcmd *****************
 Defined at:
		line 111 in file "lcd.h"
 Parameters:    Size  Location     Type
  a               1    wreg     unsigned char 
 Auto vars:     Size  Location     Type
  a               1    4[BANK0 ] unsigned char 
 Return value:  Size  Location     Type
		None               void
 Registers used:
		wreg, status,2, status,0, pclath, cstack
 Tracked objects:
		On entry : 
		On exit  : 
		Unchanged: 
 Data sizes:     COMMON   BANK0   BANK1   BANK3   BANK2
      Params:         0       0       0       0       0
      Locals:         0       1       0       0       0
      Temps:          0       2       0       0       0
      Totals:         0       3       0       0       0
Total ram usage:        3 bytes
 Hardware stack levels used:    1
 Hardware stack levels required when called:    3
 This function calls:
		_LCDSetBits
		_pulse
 This function is called by:
		_initLCD
		_clearLCD
 This function uses a non-reentrant model


 *************** function _displayLCD *****************
 Defined at:
		line 184 in file "PIC16F917 Battery Management.c"
 Parameters:    Size  Location     Type
  disp            2   21[BANK1 ] int 
 Auto vars:     Size  Location     Type
  temp2           8   35[BANK1 ] unsigned char [8]
  temp1           8   27[BANK1 ] unsigned char [8]
 Return value:  Size  Location     Type
		None               void
 Registers used:
		wreg, fsr0l, fsr0h, status,2, status,0, btemp+1, pclath, cstack
 Tracked objects:
		On entry : 
		On exit  : 
		Unchanged: 
 Data sizes:     COMMON   BANK0   BANK1   BANK3   BANK2
      Params:         0       0       2       0       0
      Locals:         0       0      16       0       0
      Temps:          0       0       4       0       0
      Totals:         0       0      22       0       0
Total ram usage:       22 bytes
 Hardware stack levels used:    1
 Hardware stack levels required when called:    5
 This function calls:
		_LCDSetCursor
		_LCDWriteString
		_floatToASCII
 This function is called by:
		_main
 This function uses a non-reentrant model


 *************** function _floatToASCII *****************
 Defined at:
		line 274 in file "lcd.h"
 Parameters:    Size  Location     Type
  returnVal       1    wreg     PTR unsigned char 
		 -> displayLCD@temp2(8), displayLCD@temp1(8), 
  num             3   76[BANK0 ] float 
  precision       1   79[BANK0 ] unsigned char 
 Auto vars:     Size  Location     Type
  returnVal       1   20[BANK1 ] PTR unsigned char 
		 -> displayLCD@temp2(8), displayLCD@temp1(8), 
  k               1   10[BANK1 ] unsigned char 
  j               1    5[BANK1 ] unsigned char 
  j               2    8[BANK1 ] int 
  scaler          4   15[BANK1 ] unsigned long 
  prevSum         4   11[BANK1 ] unsigned long 
  i               1   19[BANK1 ] unsigned char 
  decPoint        1    7[BANK1 ] unsigned char 
  leading         1    6[BANK1 ] unsigned char 
 Return value:  Size  Location     Type
		None               void
 Registers used:
		wreg, fsr0l, fsr0h, status,2, status,0, btemp+1, pclath, cstack
 Tracked objects:
		On entry : 
		On exit  : 
		Unchanged: 
 Data sizes:     COMMON   BANK0   BANK1   BANK3   BANK2
      Params:         0       4       0       0       0
      Locals:         0       0      16       0       0
      Temps:          0       0       5       0       0
      Totals:         0       4      21       0       0
Total ram usage:       25 bytes
 Hardware stack levels used:    1
 Hardware stack levels required when called:    4
 This function calls:
		___ftadd
		___ftdiv
		___ftmul
		___ftneg
		___fttol
		___lldiv
		___lltoft
		___lmul
 This function is called by:
		_displayLCD
 This function uses a non-reentrant model


 *************** function ___lmul *****************
 Defined at:
		line 15 in file "C:\Program Files (x86)\Microchip\xc8\v1.34\sources\common\Umul32.c"
 Parameters:    Size  Location     Type
  multiplier      4    0[BANK0 ] unsigned long 
  multiplicand    4    4[BANK0 ] unsigned long 
 Auto vars:     Size  Location     Type
  product         4    9[BANK0 ] unsigned long 
 Return value:  Size  Location     Type
                  4    0[BANK0 ] unsigned long 
 Registers used:
		wreg, status,2, status,0
 Tracked objects:
		On entry : 
		On exit  : 
		Unchanged: 
 Data sizes:     COMMON   BANK0   BANK1   BANK3   BANK2
      Params:         0       8       0       0       0
      Locals:         0       4       0       0       0
      Temps:          0       1       0       0       0
      Totals:         0      13       0       0       0
Total ram usage:       13 bytes
 Hardware stack levels used:    1
 Hardware stack levels required when called:    2
 This function calls:
		Nothing
 This function is called by:
		_floatToASCII
 This function uses a non-reentrant model


 *************** function ___lltoft *****************
 Defined at:
		line 35 in file "C:\Program Files (x86)\Microchip\xc8\v1.34\sources\common\lltoft.c"
 Parameters:    Size  Location     Type
  c               4    8[BANK0 ] unsigned long 
 Auto vars:     Size  Location     Type
  exp             1   13[BANK0 ] unsigned char 
 Return value:  Size  Location     Type
                  3    8[BANK0 ] float 
 Registers used:
		wreg, status,2, status,0, pclath, cstack
 Tracked objects:
		On entry : 
		On exit  : 
		Unchanged: 
 Data sizes:     COMMON   BANK0   BANK1   BANK3   BANK2
      Params:         0       4       0       0       0
      Locals:         0       1       0       0       0
      Temps:          0       1       0       0       0
      Totals:         0       6       0       0       0
Total ram usage:        6 bytes
 Hardware stack levels used:    1
 Hardware stack levels required when called:    3
 This function calls:
		___ftpack
 This function is called by:
		_floatToASCII
		_stopWatch
		_currentTime
 This function uses a non-reentrant model


 *************** function ___lldiv *****************
 Defined at:
		line 6 in file "C:\Program Files (x86)\Microchip\xc8\v1.34\sources\common\lldiv.c"
 Parameters:    Size  Location     Type
  divisor         4    0[BANK0 ] unsigned long 
  dividend        4    4[BANK0 ] unsigned long 
 Auto vars:     Size  Location     Type
  quotient        4    9[BANK0 ] unsigned long 
  counter         1   13[BANK0 ] unsigned char 
 Return value:  Size  Location     Type
                  4    0[BANK0 ] unsigned long 
 Registers used:
		wreg, status,2, status,0
 Tracked objects:
		On entry : 
		On exit  : 
		Unchanged: 
 Data sizes:     COMMON   BANK0   BANK1   BANK3   BANK2
      Params:         0       8       0       0       0
      Locals:         0       5       0       0       0
      Temps:          0       1       0       0       0
      Totals:         0      14       0       0       0
Total ram usage:       14 bytes
 Hardware stack levels used:    1
 Hardware stack levels required when called:    2
 This function calls:
		Nothing
 This function is called by:
		_floatToASCII
 This function uses a non-reentrant model


 *************** function ___fttol *****************
 Defined at:
		line 44 in file "C:\Program Files (x86)\Microchip\xc8\v1.34\sources\common\fttol.c"
 Parameters:    Size  Location     Type
  f1              3   62[BANK0 ] float 
 Auto vars:     Size  Location     Type
  lval            4   71[BANK0 ] unsigned long 
  exp1            1   75[BANK0 ] unsigned char 
  sign1           1   70[BANK0 ] unsigned char 
 Return value:  Size  Location     Type
                  4   62[BANK0 ] long 
 Registers used:
		wreg, status,2, status,0
 Tracked objects:
		On entry : 
		On exit  : 
		Unchanged: 
 Data sizes:     COMMON   BANK0   BANK1   BANK3   BANK2
      Params:         0       4       0       0       0
      Locals:         0       6       0       0       0
      Temps:          0       4       0       0       0
      Totals:         0      14       0       0       0
Total ram usage:       14 bytes
 Hardware stack levels used:    1
 Hardware stack levels required when called:    2
 This function calls:
		Nothing
 This function is called by:
		_floatToASCII
		_stopWatch
		_currentTime
 This function uses a non-reentrant model


 *************** function ___ftneg *****************
 Defined at:
		line 15 in file "C:\Program Files (x86)\Microchip\xc8\v1.34\sources\common\ftneg.c"
 Parameters:    Size  Location     Type
  f1              3   14[BANK0 ] float 
 Auto vars:     Size  Location     Type
		None
 Return value:  Size  Location     Type
                  3   14[BANK0 ] float 
 Registers used:
		wreg
 Tracked objects:
		On entry : 
		On exit  : 
		Unchanged: 
 Data sizes:     COMMON   BANK0   BANK1   BANK3   BANK2
      Params:         0       3       0       0       0
      Locals:         0       0       0       0       0
      Temps:          0       0       0       0       0
      Totals:         0       3       0       0       0
Total ram usage:        3 bytes
 Hardware stack levels used:    1
 Hardware stack levels required when called:    2
 This function calls:
		Nothing
 This function is called by:
		_floatToASCII
 This function uses a non-reentrant model


 *************** function ___ftmul *****************
 Defined at:
		line 62 in file "C:\Program Files (x86)\Microchip\xc8\v1.34\sources\common\ftmul.c"
 Parameters:    Size  Location     Type
  f1              3   30[BANK0 ] float 
  f2              3   33[BANK0 ] float 
 Auto vars:     Size  Location     Type
  f3_as_produc    3   41[BANK0 ] unsigned um
  sign            1   45[BANK0 ] unsigned char 
  cntr            1   44[BANK0 ] unsigned char 
  exp             1   40[BANK0 ] unsigned char 
 Return value:  Size  Location     Type
                  3   30[BANK0 ] float 
 Registers used:
		wreg, status,2, status,0, pclath, cstack
 Tracked objects:
		On entry : 
		On exit  : 
		Unchanged: 
 Data sizes:     COMMON   BANK0   BANK1   BANK3   BANK2
      Params:         0       6       0       0       0
      Locals:         0       6       0       0       0
      Temps:          0       4       0       0       0
      Totals:         0      16       0       0       0
Total ram usage:       16 bytes
 Hardware stack levels used:    1
 Hardware stack levels required when called:    3
 This function calls:
		___ftpack
 This function is called by:
		_floatToASCII
		_stopWatch
		_sampleBatteryCells
		_sampleReference
		_sampleVoltage
		_sampleCurrent
		_currentTime
 This function uses a non-reentrant model


 *************** function ___ftdiv *****************
 Defined at:
		line 56 in file "C:\Program Files (x86)\Microchip\xc8\v1.34\sources\common\ftdiv.c"
 Parameters:    Size  Location     Type
  f2              3   46[BANK0 ] float 
  f1              3   49[BANK0 ] float 
 Auto vars:     Size  Location     Type
  f3              3   57[BANK0 ] float 
  sign            1   61[BANK0 ] unsigned char 
  exp             1   60[BANK0 ] unsigned char 
  cntr            1   56[BANK0 ] unsigned char 
 Return value:  Size  Location     Type
                  3   46[BANK0 ] float 
 Registers used:
		wreg, status,2, status,0, pclath, cstack
 Tracked objects:
		On entry : 
		On exit  : 
		Unchanged: 
 Data sizes:     COMMON   BANK0   BANK1   BANK3   BANK2
      Params:         0       6       0       0       0
      Locals:         0       6       0       0       0
      Temps:          0       4       0       0       0
      Totals:         0      16       0       0       0
Total ram usage:       16 bytes
 Hardware stack levels used:    1
 Hardware stack levels required when called:    3
 This function calls:
		___ftpack
 This function is called by:
		_floatToASCII
		_sampleReference
		_sampleVoltage
		_sampleCurrent
 This function uses a non-reentrant model


 *************** function ___ftadd *****************
 Defined at:
		line 86 in file "C:\Program Files (x86)\Microchip\xc8\v1.34\sources\common\ftadd.c"
 Parameters:    Size  Location     Type
  f1              3   17[BANK0 ] float 
  f2              3   20[BANK0 ] float 
 Auto vars:     Size  Location     Type
  exp1            1   29[BANK0 ] unsigned char 
  exp2            1   28[BANK0 ] unsigned char 
  sign            1   27[BANK0 ] unsigned char 
 Return value:  Size  Location     Type
                  3   17[BANK0 ] float 
 Registers used:
		wreg, status,2, status,0, pclath, cstack
 Tracked objects:
		On entry : 
		On exit  : 
		Unchanged: 
 Data sizes:     COMMON   BANK0   BANK1   BANK3   BANK2
      Params:         0       6       0       0       0
      Locals:         0       3       0       0       0
      Temps:          0       4       0       0       0
      Totals:         0      13       0       0       0
Total ram usage:       13 bytes
 Hardware stack levels used:    1
 Hardware stack levels required when called:    3
 This function calls:
		___ftpack
 This function is called by:
		_floatToASCII
		_sampleBatteryCells
 This function uses a non-reentrant model


 *************** function ___ftpack *****************
 Defined at:
		line 62 in file "C:\Program Files (x86)\Microchip\xc8\v1.34\sources\common\float.c"
 Parameters:    Size  Location     Type
  arg             3    0[BANK0 ] unsigned um
  exp             1    3[BANK0 ] unsigned char 
  sign            1    4[BANK0 ] unsigned char 
 Auto vars:     Size  Location     Type
		None
 Return value:  Size  Location     Type
                  3    0[BANK0 ] float 
 Registers used:
		wreg, status,2, status,0
 Tracked objects:
		On entry : 
		On exit  : 
		Unchanged: 
 Data sizes:     COMMON   BANK0   BANK1   BANK3   BANK2
      Params:         0       5       0       0       0
      Locals:         0       0       0       0       0
      Temps:          0       3       0       0       0
      Totals:         0       8       0       0       0
Total ram usage:        8 bytes
 Hardware stack levels used:    1
 Hardware stack levels required when called:    2
 This function calls:
		Nothing
 This function is called by:
		___ftadd
		___ftdiv
		___ftmul
		___lbtoft
		___lltoft
		___lwtoft
 This function uses a non-reentrant model


 *************** function _LCDWriteString *****************
 Defined at:
		line 163 in file "lcd.h"
 Parameters:    Size  Location     Type
  a               2    5[BANK0 ] PTR const unsigned char 
		 -> STR_16(10), STR_15(8), STR_14(9), STR_13(8), 
		 -> STR_12(10), STR_11(8), STR_10(9), STR_9(8), 
		 -> STR_8(10), STR_7(8), STR_6(9), STR_5(8), 
		 -> STR_4(10), STR_3(9), STR_2(9), STR_1(9), 
		 -> displayLCD@temp2(8), displayLCD@temp1(8), 
 Auto vars:     Size  Location     Type
  i               2   10[BANK0 ] int 
 Return value:  Size  Location     Type
		None               void
 Registers used:
		wreg, fsr0l, fsr0h, status,2, status,0, btemp+1, pclath, cstack
 Tracked objects:
		On entry : 
		On exit  : 
		Unchanged: 
 Data sizes:     COMMON   BANK0   BANK1   BANK3   BANK2
      Params:         0       2       0       0       0
      Locals:         0       2       0       0       0
      Temps:          0       3       0       0       0
      Totals:         0       7       0       0       0
Total ram usage:        7 bytes
 Hardware stack levels used:    1
 Hardware stack levels required when called:    4
 This function calls:
		_LCDWriteChar
 This function is called by:
		_displayLCD
 This function uses a non-reentrant model


 *************** function _LCDWriteChar *****************
 Defined at:
		line 131 in file "lcd.h"
 Parameters:    Size  Location     Type
  a               1    wreg     unsigned char 
 Auto vars:     Size  Location     Type
  a               1    4[BANK0 ] unsigned char 
 Return value:  Size  Location     Type
		None               void
 Registers used:
		wreg, status,2, status,0, pclath, cstack
 Tracked objects:
		On entry : 
		On exit  : 
		Unchanged: 
 Data sizes:     COMMON   BANK0   BANK1   BANK3   BANK2
      Params:         0       0       0       0       0
      Locals:         0       1       0       0       0
      Temps:          0       2       0       0       0
      Totals:         0       3       0       0       0
Total ram usage:        3 bytes
 Hardware stack levels used:    1
 Hardware stack levels required when called:    3
 This function calls:
		_LCDSetBits
		_pulse
 This function is called by:
		_LCDWriteString
 This function uses a non-reentrant model


 *************** function _LCDSetCursor *****************
 Defined at:
		line 146 in file "lcd.h"
 Parameters:    Size  Location     Type
  a               1    wreg     unsigned char 
 Auto vars:     Size  Location     Type
  a               1    5[BANK0 ] unsigned char 
 Return value:  Size  Location     Type
		None               void
 Registers used:
		wreg, status,2, status,0, pclath, cstack
 Tracked objects:
		On entry : 
		On exit  : 
		Unchanged: 
 Data sizes:     COMMON   BANK0   BANK1   BANK3   BANK2
      Params:         0       0       0       0       0
      Locals:         0       1       0       0       0
      Temps:          0       2       0       0       0
      Totals:         0       3       0       0       0
Total ram usage:        3 bytes
 Hardware stack levels used:    1
 Hardware stack levels required when called:    4
 This function calls:
		_LCD4bitCmd
 This function is called by:
		_displayLCD
 This function uses a non-reentrant model


 *************** function _LCD4bitCmd *****************
 Defined at:
		line 123 in file "lcd.h"
 Parameters:    Size  Location     Type
  a               1    wreg     unsigned char 
 Auto vars:     Size  Location     Type
  a               1    2[BANK0 ] unsigned char 
 Return value:  Size  Location     Type
		None               void
 Registers used:
		wreg, status,2, status,0, pclath, cstack
 Tracked objects:
		On entry : 
		On exit  : 
		Unchanged: 
 Data sizes:     COMMON   BANK0   BANK1   BANK3   BANK2
      Params:         0       0       0       0       0
      Locals:         0       1       0       0       0
      Temps:          0       0       0       0       0
      Totals:         0       1       0       0       0
Total ram usage:        1 bytes
 Hardware stack levels used:    1
 Hardware stack levels required when called:    3
 This function calls:
		_LCDSetBits
		_pulse
 This function is called by:
		_LCDSetCursor
 This function uses a non-reentrant model


 *************** function _pulse *****************
 Defined at:
		line 102 in file "lcd.h"
 Parameters:    Size  Location     Type
		None
 Auto vars:     Size  Location     Type
		None
 Return value:  Size  Location     Type
		None               void
 Registers used:
		wreg
 Tracked objects:
		On entry : 
		On exit  : 
		Unchanged: 
 Data sizes:     COMMON   BANK0   BANK1   BANK3   BANK2
      Params:         0       0       0       0       0
      Locals:         0       0       0       0       0
      Temps:          0       2       0       0       0
      Totals:         0       2       0       0       0
Total ram usage:        2 bytes
 Hardware stack levels used:    1
 Hardware stack levels required when called:    2
 This function calls:
		Nothing
 This function is called by:
		_initLCD
		_LCDcmd
		_LCD4bitCmd
		_LCDWriteChar
 This function uses a non-reentrant model


 *************** function _LCDSetBits *****************
 Defined at:
		line 79 in file "lcd.h"
 Parameters:    Size  Location     Type
  a               1    wreg     unsigned char 
 Auto vars:     Size  Location     Type
  a               1    0[BANK0 ] unsigned char 
 Return value:  Size  Location     Type
		None               void
 Registers used:
		wreg
 Tracked objects:
		On entry : 
		On exit  : 
		Unchanged: 
 Data sizes:     COMMON   BANK0   BANK1   BANK3   BANK2
      Params:         0       0       0       0       0
      Locals:         0       1       0       0       0
      Temps:          0       0       0       0       0
      Totals:         0       1       0       0       0
Total ram usage:        1 bytes
 Hardware stack levels used:    1
 Hardware stack levels required when called:    2
 This function calls:
		Nothing
 This function is called by:
		_initLCD
		_LCDcmd
		_LCD4bitCmd
		_LCDWriteChar
 This function uses a non-reentrant model


 *************** function _currentGainInit *****************
 Defined at:
		line 274 in file "PIC16F917 Battery Management.c"
 Parameters:    Size  Location     Type
  gain            1    wreg     unsigned char 
 Auto vars:     Size  Location     Type
  gain            1    0[BANK0 ] unsigned char 
 Return value:  Size  Location     Type
		None               void
 Registers used:
		wreg, status,2, status,0
 Tracked objects:
		On entry : 
		On exit  : 
		Unchanged: 
 Data sizes:     COMMON   BANK0   BANK1   BANK3   BANK2
      Params:         0       0       0       0       0
      Locals:         0       1       0       0       0
      Temps:          0       0       0       0       0
      Totals:         0       1       0       0       0
Total ram usage:        1 bytes
 Hardware stack levels used:    1
 Hardware stack levels required when called:    2
 This function calls:
		Nothing
 This function is called by:
		_main
 This function uses a non-reentrant model


 *************** function _isr *****************
 Defined at:
		line 258 in file "setup.h"
 Parameters:    Size  Location     Type
		None
 Auto vars:     Size  Location     Type
		None
 Return value:  Size  Location     Type
		None               void
 Registers used:
		wreg, status,2, status,0, pclath, cstack
 Tracked objects:
		On entry : 
		On exit  : 
		Unchanged: 
 Data sizes:     COMMON   BANK0   BANK1   BANK3   BANK2
      Params:         0       0       0       0       0
      Locals:         0       0       0       0       0
      Temps:          4       0       0       0       0
      Totals:         4       0       0       0       0
Total ram usage:        4 bytes
 Hardware stack levels used:    1
 Hardware stack levels required when called:    1
 This function calls:
		_isrTimer0
 This function is called by:
		Interrupt level 1
 This function uses a non-reentrant model


 *************** function _isrTimer0 *****************
 Defined at:
		line 64 in file "timer0.h"
 Parameters:    Size  Location     Type
		None
 Auto vars:     Size  Location     Type
		None
 Return value:  Size  Location     Type
		None               void
 Registers used:
		wreg
 Tracked objects:
		On entry : 
		On exit  : 
		Unchanged: 
 Data sizes:     COMMON   BANK0   BANK1   BANK3   BANK2
      Params:         0       0       0       0       0
      Locals:         0       0       0       0       0
      Temps:          4       0       0       0       0
      Totals:         4       0       0       0       0
Total ram usage:        4 bytes
 Hardware stack levels used:    1
 This function calls:
		Nothing
 This function is called by:
		_isr
 This function uses a non-reentrant model



MODULE INFORMATION

Module		Function		Class		Link	Load	Size
C:\Program Files (x86)\Microchip\xc8\v1.34\sources\common\ftneg.c
		___ftneg       		CODE           	135F	0000	11

C:\Program Files (x86)\Microchip\xc8\v1.34\sources\common\ftneg.c estimated size: 11

C:\Program Files (x86)\Microchip\xc8\v1.34\sources\common\Umul32.c
		___lmul        		CODE           	1607	0000	66

C:\Program Files (x86)\Microchip\xc8\v1.34\sources\common\Umul32.c estimated size: 66

C:\Program Files (x86)\Microchip\xc8\v1.34\sources\common\float.c
		___ftpack      		CODE           	1704	0000	111

C:\Program Files (x86)\Microchip\xc8\v1.34\sources\common\float.c estimated size: 111

PIC16F917 Battery Management.c
		_sampleBatteryC		CODE           	0057	0000	942
		_displayLCD    		CODE           	0D9F	0000	610
		_sampleCurrent 		CODE           	0710	0000	219
		_main          		CODE           	14AE	0000	50
		_sampleVoltage 		CODE           	080E	0000	156
		_currentGainIni		CODE           	13C9	0000	26
		_handlePB      		CODE           	1648	0000	93
		_sampleReferenc		CODE           	0952	0000	180

PIC16F917 Battery Management.c estimated size: 2276

timer0.h
		_stopWatch     		CODE           	0B90	0000	263
		_timeSetup     		CODE           	0802	0000	13
		_isrTimer0     		CODE           	1400	0000	43

timer0.h estimated size: 319

C:\Program Files (x86)\Microchip\xc8\v1.34\sources\common\lbtoft.c
		___lbtoft      		CODE           	13E2	0000	31

C:\Program Files (x86)\Microchip\xc8\v1.34\sources\common\lbtoft.c estimated size: 31

adc.h
		_initADC       		CODE           	1369	0000	16
		_analogRead    		CODE           	154F	0000	58

adc.h estimated size: 74

C:\Program Files (x86)\Microchip\xc8\v1.34\sources\common\ftmul.c
		___ftmul       		CODE           	0ABD	0000	212

C:\Program Files (x86)\Microchip\xc8\v1.34\sources\common\ftmul.c estimated size: 212

C:\Program Files (x86)\Microchip\xc8\v1.34\sources\common\lwtoft.c
		___lwtoft      		CODE           	13B1	0000	25

C:\Program Files (x86)\Microchip\xc8\v1.34\sources\common\lwtoft.c estimated size: 25

C:\Program Files (x86)\Microchip\xc8\v1.34\sources\common\ftdiv.c
		___ftdiv       		CODE           	0A05	0000	185

C:\Program Files (x86)\Microchip\xc8\v1.34\sources\common\ftdiv.c estimated size: 185

C:\Program Files (x86)\Microchip\xc8\v1.34\sources\common\lltoft.c
		___lltoft      		CODE           	147F	0000	48

C:\Program Files (x86)\Microchip\xc8\v1.34\sources\common\lltoft.c estimated size: 48

shared
		__stringtab    		STRING         	1000	0000	17
		_cell6RR       		STRING         	1029	0000	4
		_cell1RR       		STRING         	101A	0000	4
		_refVolt       		STRING         	1016	0000	4
		_cell2RR       		STRING         	101D	0000	4
		__initializatio		CODE           	0015	0000	63
		_cellVoltL     		STRING         	1010	0000	4
		_cell3RR       		STRING         	1020	0000	4
		_sampleNum     		STRING         	1019	0000	2
		_convConst     		STRING         	1013	0000	4
		_cell4RR       		STRING         	1023	0000	4
		_cell5RR       		STRING         	1026	0000	4

shared estimated size: 118

C:\Program Files (x86)\Microchip\xc8\v1.34\sources\common\lwdiv.c
		___lwdiv       		CODE           	1588	0000	63

C:\Program Files (x86)\Microchip\xc8\v1.34\sources\common\lwdiv.c estimated size: 63

setup.h
		_isr           		CODE           	07EA	0000	19
		_initController		CODE           	14DF	0000	56

setup.h estimated size: 75

C:\Program Files (x86)\Microchip\xc8\v1.34\sources\common\lldiv.c
		___lldiv       		CODE           	16A4	0000	97

C:\Program Files (x86)\Microchip\xc8\v1.34\sources\common\lldiv.c estimated size: 97

lcd.h
		_LCDSetBits    		CODE           	1399	0000	25
		_LCDWriteChar  		CODE           	142A	0000	43
		_LCD4bitCmd    		CODE           	1388	0000	18
		_LCDWriteString		CODE           	15C6	0000	66
		_pulse         		CODE           	1378	0000	17
		_LCDSetCursor  		CODE           	1516	0000	58
		_floatToASCII  		CODE           	0404	0000	781
		_LCDcmd        		CODE           	1454	0000	44
		_initLCD       		CODE           	08A9	0000	170

lcd.h estimated size: 1222

C:\Program Files (x86)\Microchip\xc8\v1.34\sources\common\fttol.c
		___fttol       		CODE           	1772	0000	143

C:\Program Files (x86)\Microchip\xc8\v1.34\sources\common\fttol.c estimated size: 143

C:\Program Files (x86)\Microchip\xc8\v1.34\sources\common\ftadd.c
		___ftadd       		CODE           	0C96	0000	266

C:\Program Files (x86)\Microchip\xc8\v1.34\sources\common\ftadd.c estimated size: 266

