Microchip MPLAB XC8 Compiler V1.34 ()

Linker command line:

--edf=C:\Program Files (x86)\Microchip\xc8\v1.34\dat\en_msgs.txt -cs \
  -h+dist/default/production\WEBots_Project_Car_Battery_Management_2015.production.sym \
  --cmf=dist/default/production\WEBots_Project_Car_Battery_Management_2015.production.cmf \
  -z -Q16F917 -oC:\Users\ANDREW~1\AppData\Local\Temp\s7o4.6 \
  -Mdist/default/production/WEBots_Project_Car_Battery_Management_2015.production.map \
  -E1 -ver=XC8 -ASTACK=0190h-01efh -pstack=STACK -ACODE=00h-07FFhx4 \
  -ASTRCODE=00h-01FFFh -ASTRING=00h-0FFhx32 -ACONST=00h-0FFhx32 \
  -AENTRY=00h-0FFhx32 -ACOMMON=070h-07Fh -ABANK0=020h-06Fh \
  -ABANK1=0A0h-0EFh -ABANK2=0120h-016Fh -ABANK3=0190h-01EFh \
  -ARAM=020h-06Fh,0A0h-0EFh,0120h-016Fh,0190h-01EFh \
  -AABS1=020h-07Fh,0A0h-0EFh,0120h-016Fh,0190h-01EFh -ASFR0=00h-01Fh \
  -ASFR1=080h-09Fh -ASFR2=0100h-011Fh -ASFR3=0180h-018Fh \
  -preset_vec=00h,intentry,init,end_init -ppowerup=CODE -pcinit=CODE \
  -pfunctab=CODE -ACONFIG=02007h-02007h -pconfig=CONFIG -DCONFIG=2 \
  -AIDLOC=02000h-02003h -pidloc=IDLOC -DIDLOC=2 -AEEDATA=00h-0FFh/02100h \
  -peeprom_data=EEDATA -DEEDATA=2 -DCODE=2 -DSTRCODE=2 -DSTRING=2 -DCONST=2 \
  -DENTRY=2 -k C:\Users\ANDREW~1\AppData\Local\Temp\s7o4.obj \
  dist/default/production\WEBots_Project_Car_Battery_Management_2015.production.obj 

Object code version is 3.11

Machine type is 16F917



                Name                               Link     Load   Length Selector   Space Scale
C:\Users\ANDREW~1\AppData\Local\Temp\s7o4.obj
                end_init                              0        0        3        0       0
                config                             2007     2007        1     400E       0
dist/default/production\WEBots_Project_Car_Battery_Management_2015.production.obj
                cinit                               7C6      7C6       3A      F8C       0
                text1                               769      769       1B      ED2       0
                maintext                            784      784       42      F08       0
                cstackCOMMON                         79       79        3       70       1
                clrtext                             761      761        8      EC2       0
                dataBANK0                            32       32        3       20       1
                bssBANK0                             20       20       12       20       1
                dataCOMMON                           75       75        4       70       1
                bssCOMMON                            70       70        5       70       1
                stringtext                          800      800      118       10       0
                idataBANK0                          75A      75A        3      EB4       0
                idataCOMMON                         75D      75D        4      EBA       0

TOTAL           Name                               Link     Load   Length     Space
        CLASS   STACK          

        CLASS   CODE           
                end_init                              0        0        3         0
                cinit                               7C6      7C6       3A         0
                text1                               769      769       1B         0
                maintext                            784      784       42         0
                clrtext                             761      761        8         0
                idataBANK0                          75A      75A        3         0
                idataCOMMON                         75D      75D        4         0

        CLASS   STRCODE        
                stringtext                          800      800      118         0

        CLASS   STRING         

        CLASS   CONST          

        CLASS   ENTRY          

        CLASS   COMMON         
                cstackCOMMON                         79       79        3         1
                dataCOMMON                           75       75        4         1
                bssCOMMON                            70       70        5         1

        CLASS   BANK0          
                dataBANK0                            32       32        3         1
                bssBANK0                             20       20       12         1

        CLASS   BANK1          

        CLASS   BANK2          

        CLASS   BANK3          

        CLASS   RAM            

        CLASS   ABS1           
                abs_s1                               7E       7E        2         1

        CLASS   SFR0           

        CLASS   SFR1           

        CLASS   SFR2           

        CLASS   SFR3           

        CLASS   CONFIG         
                config                             2007     2007        1         0

        CLASS   IDLOC          

        CLASS   EEDATA         



SEGMENTS        Name                           Load    Length   Top    Selector   Space  Class     Delta

                reset_vec                      000000  000003  000003         0       0  CODE        2
                bssBANK0                       000020  000015  000035        20       1  BANK0       1
                bssCOMMON                      000070  00000C  00007C        70       1  COMMON      1
                idataBANK0                     00075A  000003  00075D       EB4       0  CODE        2
                idataCOMMON                    00075D  000004  000761       EBA       0  CODE        2
                clrtext                        000761  000008  000769       EC2       0  CODE        2
                text1                          000769  00001B  000784       ED2       0  CODE        2
                maintext                       000784  000042  0007C6       F08       0  CODE        2
                cinit                          0007C6  00003A  000800       F8C       0  CODE        2
                stringtext                     000800  000118  000918        10       0  STRCODE     2
                config                         002007  000001  002008      400E       0  CONFIG      2


UNUSED ADDRESS RANGES

        Name                Unused          Largest block    Delta
        BANK0            0035-006F             3B           1
        BANK1            00A0-00EF             50           1
        BANK2            0120-016F             50           1
        BANK3            0190-01EF             60           1
        CODE             0003-0759            757           2
                         0918-1FFF            800
        COMMON           007C-007D              2           1
        CONST            0003-0759            100           2
                         0918-1FFF            100
        EEDATA           2100-21FF            100           2
        ENTRY            0003-0759            100           2
                         0918-1FFF            100
        IDLOC            2000-2003              4           2
        RAM              0035-006F             3B           1
                         00A0-00EF             50
                         0120-016F             50
                         0190-01EF             60
        SFR0             0000-001F             20           1
        SFR1             0080-009F             20           1
        SFR2             0100-011F             20           1
        SFR3             0180-018F             10           1
        STACK            0190-01EF             60           1
        STRCODE          0003-0759            757           2
                         0918-1FFF           16E8
        STRING           0003-0759            100           2
                         0918-1FFF            100

                                  Symbol Table

_ADCON0bits               (abs)        001F
_ADCON1bits               (abs)        009F
_ADRESH                   (abs)        001E
_ADRESL                   (abs)        009E
_ANSEL                    (abs)        0091
_CMCON0bits               (abs)        009C
_LCDCON                   (abs)        0107
_PIR1bits                 (abs)        000C
_RA6                      (abs)        002E
_RA7                      (abs)        002F
_RB0                      (abs)        0030
_RB1                      (abs)        0031
_RB2                      (abs)        0032
_RB3                      (abs)        0033
_RB4                      (abs)        0034
_RB5                      (abs)        0035
_RC1                      (abs)        0039
_RC2                      (abs)        003A
_RC3                      (abs)        003B
_RD0                      (abs)        0040
_RD1                      (abs)        0041
_RD2                      (abs)        0042
_RD4                      (abs)        0044
_RD7                      (abs)        0047
_TRISA                    (abs)        0085
_TRISB                    (abs)        0086
_TRISC                    (abs)        0087
_TRISD                    (abs)        0088
_TRISE                    (abs)        0089
__CFG_BOREN$OFF           (abs)        0000
__CFG_CP$OFF              (abs)        0000
__CFG_CPD$OFF             (abs)        0000
__CFG_DEBUG$OFF           (abs)        0000
__CFG_FCMEN$OFF           (abs)        0000
__CFG_FOSC$INTOSCIO       (abs)        0000
__CFG_IESO$ON             (abs)        0000
__CFG_MCLRE$ON            (abs)        0000
__CFG_PWRTE$OFF           (abs)        0000
__CFG_WDTE$OFF            (abs)        0000
__Habs1                   abs1         0000
__Hbank0                  bank0        0000
__Hbank1                  bank1        0000
__Hbank2                  bank2        0000
__Hbank3                  bank3        0000
__HbssBANK0               bssBANK0     0000
__HbssCOMMON              bssCOMMON    0000
__Hcinit                  cinit        0800
__Hclrtext                clrtext      0000
__Hcode                   code         0000
__Hcommon                 common       0000
__Hconfig                 config       2008
__HcstackCOMMON           cstackCOMMON 0000
__HdataBANK0              dataBANK0    0000
__HdataCOMMON             dataCOMMON   0000
__Heeprom_data            eeprom_data  0000
__Hend_init               end_init     0003
__Hfunctab                functab      0000
__HidataBANK0             idataBANK0   0000
__HidataCOMMON            idataCOMMON  0000
__Hidloc                  idloc        0000
__Hinit                   init         0000
__Hintentry               intentry     0000
__Hmaintext               maintext     0000
__Hpowerup                powerup      0000
__Hram                    ram          0000
__Hreset_vec              reset_vec    0000
__Hsfr0                   sfr0         0000
__Hsfr1                   sfr1         0000
__Hsfr2                   sfr2         0000
__Hsfr3                   sfr3         0000
__Hspace_0                (abs)        2008
__Hspace_1                (abs)        007C
__Hspace_2                (abs)        0000
__Hspace_3                (abs)        0000
__Hstack                  stack        0000
__Hstrings                strings      0000
__Hstringtext             stringtext   0000
__Htext                   text         0000
__Labs1                   abs1         0000
__Lbank0                  bank0        0000
__Lbank1                  bank1        0000
__Lbank2                  bank2        0000
__Lbank3                  bank3        0000
__LbssBANK0               bssBANK0     0000
__LbssCOMMON              bssCOMMON    0000
__Lcinit                  cinit        07C6
__Lclrtext                clrtext      0000
__Lcode                   code         0000
__Lcommon                 common       0000
__Lconfig                 config       2007
__LcstackCOMMON           cstackCOMMON 0000
__LdataBANK0              dataBANK0    0000
__LdataCOMMON             dataCOMMON   0000
__Leeprom_data            eeprom_data  0000
__Lend_init               end_init     0000
__Lfunctab                functab      0000
__LidataBANK0             idataBANK0   0000
__LidataCOMMON            idataCOMMON  0000
__Lidloc                  idloc        0000
__Linit                   init         0000
__Lintentry               intentry     0000
__Lmaintext               maintext     0000
__Lpowerup                powerup      0000
__Lram                    ram          0000
__Lreset_vec              reset_vec    0000
__Lsfr0                   sfr0         0000
__Lsfr1                   sfr1         0000
__Lsfr2                   sfr2         0000
__Lsfr3                   sfr3         0000
__Lspace_0                (abs)        0000
__Lspace_1                (abs)        0000
__Lspace_2                (abs)        0000
__Lspace_3                (abs)        0000
__Lstack                  stack        0000
__Lstrings                strings      0000
__Lstringtext             stringtext   0000
__Ltext                   text         0000
__S0                      (abs)        2008
__S1                      (abs)        007C
__S2                      (abs)        0000
__S3                      (abs)        0000
___int_sp                 stack        0000
___latbits                (abs)        0002
___sp                     stack        0000
__end_of__initialization  cinit        07FC
__end_of__npowers_        stringtext   0861
__end_of__powers_         stringtext   0888
__end_of__stringtab       stringtext   0812
__end_of_cell1RDB         stringtext   088B
__end_of_cell1RDT         stringtext   088E
__end_of_cell2RDB         stringtext   0891
__end_of_cell2RDT         stringtext   0894
__end_of_cell3RDB         stringtext   0897
__end_of_cell3RDT         stringtext   089A
__end_of_cell4RDB         stringtext   089D
__end_of_cell4RDT         stringtext   08A0
__end_of_cell5RDB         stringtext   08A3
__end_of_cell5RDT         stringtext   08A6
__end_of_cell6RDB         stringtext   08A9
__end_of_cell6RDT         stringtext   08AC
__end_of_currentGainInit  text1        0784
__end_of_dpowers          stringtext   083A
__end_of_main             maintext     07C6
__end_of_refVolt          stringtext   08AF
__initialization          cinit        07C6
__pbssBANK0               bssBANK0     0020
__pbssCOMMON              bssCOMMON    0070
__pcstackCOMMON           cstackCOMMON 0079
__pdataBANK0              dataBANK0    0032
__pdataCOMMON             dataCOMMON   0075
__pidataBANK0             idataBANK0   075A
__pidataCOMMON            idataCOMMON  075D
__pmaintext               maintext     0784
__pstringtext             stringtext   0800
__ptext1                  text1        0769
__size_of_currentGainInit (abs)        0000
__size_of_main            (abs)        0000
__stringbase              stringtext   0812
__stringtab               stringtext   0800
_cell1RDB                 stringtext   0888
_cell1RDT                 stringtext   088B
_cell2RDB                 stringtext   088E
_cell2RDT                 stringtext   0891
_cell3RDB                 stringtext   0894
_cell3RDT                 stringtext   0897
_cell4RDB                 stringtext   089A
_cell4RDT                 stringtext   089D
_cell5RDB                 stringtext   08A0
_cell5RDT                 stringtext   08A3
_cell6RDB                 stringtext   08A6
_cell6RDT                 stringtext   08A9
_cellVolt                 bssBANK0     0020
_current                  bssCOMMON    0070
_currentGain              dataCOMMON   0078
_currentGainInit          text1        0769
_main                     maintext     0784
_refValue                 bssCOMMON    0073
_refVolt                  stringtext   08AC
_shuntRes                 dataBANK0    0032
_supVolt                  dataCOMMON   0075
btemp                     (abs)        007E
clear_ram0                clrtext      0761
currentGainInit@gain      cstackCOMMON 0079
end_of_initialization     cinit        07FC
intlevel0                 functab      0000
intlevel1                 functab      0000
intlevel2                 functab      0000
intlevel3                 functab      0000
intlevel4                 functab      0000
intlevel5                 functab      0000
ltemp                     (abs)        007E
ltemp0                    (abs)        007E
ltemp1                    (abs)        0082
ltemp2                    (abs)        0086
ltemp3                    (abs)        0080
reset_vec                 reset_vec    0000
stackhi                   (abs)        0000
stacklo                   (abs)        0000
start                     init         0000
start_initialization      cinit        07C6
ttemp                     (abs)        007E
ttemp0                    (abs)        007E
ttemp1                    (abs)        0081
ttemp2                    (abs)        0084
ttemp3                    (abs)        0087
ttemp4                    (abs)        007F
wtemp                     (abs)        007E
wtemp0                    (abs)        007E
wtemp1                    (abs)        0080
wtemp2                    (abs)        0082
wtemp3                    (abs)        0084
wtemp4                    (abs)        0086
wtemp5                    (abs)        0088
wtemp6                    (abs)        007F


FUNCTION INFORMATION:

 *************** function _main *****************
 Defined at:
		line 66 in file "PIC16F946 Battery Management.c"
 Parameters:    Size  Location     Type
		None
 Auto vars:     Size  Location     Type
		None
 Return value:  Size  Location     Type
		None               void
 Registers used:
		wreg, status,2, status,0, pclath, cstack
 Tracked objects:
		On entry : 
		On exit  : 
		Unchanged: 
 Data sizes:     COMMON   BANK0   BANK1   BANK3   BANK2
      Params:         0       0       0       0       0
      Locals:         0       0       0       0       0
      Temps:          2       0       0       0       0
      Totals:         2       0       0       0       0
Total ram usage:        2 bytes
 Hardware stack levels required when called:    1
 This function calls:
		_currentGainInit
 This function is called by:
		Startup code after reset
 This function uses a non-reentrant model


 *************** function _currentGainInit *****************
 Defined at:
		line 320 in file "PIC16F946 Battery Management.c"
 Parameters:    Size  Location     Type
  gain            1    wreg     unsigned char 
 Auto vars:     Size  Location     Type
  gain            1    0[COMMON] unsigned char 
 Return value:  Size  Location     Type
		None               void
 Registers used:
		wreg, status,2, status,0
 Tracked objects:
		On entry : 
		On exit  : 
		Unchanged: 
 Data sizes:     COMMON   BANK0   BANK1   BANK3   BANK2
      Params:         0       0       0       0       0
      Locals:         1       0       0       0       0
      Temps:          0       0       0       0       0
      Totals:         1       0       0       0       0
Total ram usage:        1 bytes
 Hardware stack levels used:    1
 This function calls:
		Nothing
 This function is called by:
		_main
 This function uses a non-reentrant model



MODULE INFORMATION

Module		Function		Class		Link	Load	Size
shared
		__stringtab    		STRCODE        	0800	0000	19
		_cell4RDB      		STRCODE        	089A	0000	4
		_cell4RDT      		STRCODE        	089D	0000	4
		__powers_      		STRCODE        	0000	0000	0
		_dpowers       		STRCODE        	0000	0000	0
		_refVolt       		STRCODE        	08AC	0000	4
		_cell5RDB      		STRCODE        	08A0	0000	4
		_cell5RDT      		STRCODE        	08A3	0000	4
		__npowers_     		STRCODE        	0000	0000	0
		__initializatio		CODE           	07C6	0000	55
		_cell6RDB      		STRCODE        	08A6	0000	4
		_cell6RDT      		STRCODE        	08A9	0000	4
		_cell1RDB      		STRCODE        	0888	0000	4
		_cell1RDT      		STRCODE        	088B	0000	4
		_cell2RDB      		STRCODE        	088E	0000	4
		_cell2RDT      		STRCODE        	0891	0000	4
		_cell3RDB      		STRCODE        	0894	0000	4
		_cell3RDT      		STRCODE        	0897	0000	4

shared estimated size: 126

PIC16F946 Battery Management.c
		_main          		CODE           	0784	0000	67
		_currentGainIni		CODE           	0769	0000	28

PIC16F946 Battery Management.c estimated size: 95

