Microchip MPLAB XC8 Compiler V1.34 ()

Linker command line:

--edf=C:\Program Files (x86)\Microchip\xc8\v1.34\dat\en_msgs.txt -cs \
  -h+dist/default/debug\WEBots_Project_Car_Battery_Management_2015.debug.sym \
  --cmf=dist/default/debug\WEBots_Project_Car_Battery_Management_2015.debug.cmf \
  -z -Q16F917 -oC:\Users\ANDREW~1\AppData\Local\Temp\s7lk.6 \
  -Mdist/default/debug/WEBots_Project_Car_Battery_Management_2015.debug.map \
  -E1 -ver=XC8 -ASTACK=0190h-01efh -pstack=STACK \
  -ACODE=00h-07FFhx3,01800h-01EFFh -ASTRCODE=00h-01EFFh \
  -ASTRING=00h-0FFhx31 -ACONST=00h-0FFhx31 -AENTRY=00h-0FFhx31 \
  -ACOMMON=071h-07Fh -ABANK0=020h-06Fh -ABANK1=0A0h-0EFh \
  -ABANK2=0120h-0164h -ABANK3=0190h-01EFh \
  -ARAM=020h-06Fh,0A0h-0EFh,0120h-0164h,0190h-01EFh \
  -AABS1=020h-07Fh,0A0h-0EFh,0120h-016Fh,0190h-01EFh -ASFR0=00h-01Fh \
  -ASFR1=080h-09Fh -ASFR2=0100h-011Fh -ASFR3=0180h-018Fh \
  -preset_vec=00h,intentry=04h,init,end_init -ppowerup=CODE -pcinit=CODE \
  -pfunctab=CODE -ACONFIG=02007h-02007h -pconfig=CONFIG -DCONFIG=2 \
  -AIDLOC=02000h-02003h -pidloc=IDLOC -DIDLOC=2 -AEEDATA=00h-0FFh/02100h \
  -peeprom_data=EEDATA -DEEDATA=2 -DCODE=2 -DSTRCODE=2 -DSTRING=2 -DCONST=2 \
  -DENTRY=2 -k C:\Users\ANDREW~1\AppData\Local\Temp\s7lk.obj \
  dist/default/debug\WEBots_Project_Car_Battery_Management_2015.debug.obj 

Object code version is 3.11

Machine type is 16F917



                Name                               Link     Load   Length Selector   Space Scale
C:\Users\ANDREW~1\AppData\Local\Temp\s7lk.obj
                end_init                             12       12        3        8       0
                reset_vec                             0        0        4        0       0
                config                             2007     2007        1     400E       0
dist/default/debug\WEBots_Project_Car_Battery_Management_2015.debug.obj
                cinit                               7C0      7C0       40      F80       0
                intentry                              4        4        E        8       0
                text33                              ABD      ABD       2A     157A       0
                text32                              A31      A31       12     1462       0
                text31                              A86      A86       19     150C       0
                text30                              A56      A56       18     14AC       0
                text29                              A10      A10       10     1420       0
                text28                              A20      A20       11     1440       0
                text27                              BA3      BA3       39     1746       0
                text26                              AE7      AE7       2A     15CE       0
                text25                              C53      C53       41     18A6       0
                text24                              CEA      CEA       5B     19D4       0
                text23                              A43      A43       13     1486       0
                text22                              1A8      1A8       BA      350       0
                text21                               46       46       AA       8C       0
                text20                              B11      B11       2B     1622       0
                text19                              F57      F57       A9     1EAE       0
                text18                              D45      D45       6E     1A8A       0
                text17                              327      327       D3      64E       0
                text16                              E31      E31       8E     1C62       0
                text15                              B3C      B3C       2F     1678       0
                text14                              3FA      3FA       EB      7F4       0
                text13                              C94      C94       56     1928       0
                text12                              A01      A01        F     1402       0
                text11                              9F5      9F5        C     13EA       0
                text10                              B6B      B6B       38     16D6       0
                text9                                F0       F0       B8      1E0       0
                text8                               C15      C15       3E     182A       0
                text7                               A6E      A6E       18     14DC       0
                text6                               BDC      BDC       39     17B8       0
                text5                               DB3      DB3       7E     1B66       0
                text4                               4E5      4E5      2DB      9CA       0
                text3                               A9F      A9F       1E     153E       0
                text2                               262      262       C5      4C4       0
                text1                               EBF      EBF       98     1D7E       0
                maintext                             15       15       31        8       0
                cstackBANK0                          20       20       48       20       1
                cstackCOMMON                         71       71        8       71       1
                clrtext                             9ED      9ED        8     13DA       0
                dataBANK1                            E1       E1        3       A0       1
                bssBANK1                             A0       A0       41       A0       1
                dataBANK0                            6F       6F        1       20       1
                bssBANK0                             68       68        7       20       1
                dataCOMMON                           79       79        3       71       1
                strings                             800      800       48     1000       0
                idataBANK1                          9E7      9E7        3     13CE       0
                idataBANK0                          9E6      9E6        1     13CC       0
                idataCOMMON                         9EA      9EA        3     13D4       0

TOTAL           Name                               Link     Load   Length     Space
        CLASS   STACK          

        CLASS   CODE           
                end_init                             12       12        3         0
                cinit                               7C0      7C0       40         0
                intentry                              4        4        E         0
                reset_vec                             0        0        4         0
                text33                              ABD      ABD       2A         0
                text32                              A31      A31       12         0
                text31                              A86      A86       19         0
                text30                              A56      A56       18         0
                text29                              A10      A10       10         0
                text28                              A20      A20       11         0
                text27                              BA3      BA3       39         0
                text26                              AE7      AE7       2A         0
                text25                              C53      C53       41         0
                text24                              CEA      CEA       5B         0
                text23                              A43      A43       13         0
                text22                              1A8      1A8       BA         0
                text21                               46       46       AA         0
                text20                              B11      B11       2B         0
                text19                              F57      F57       A9         0
                text18                              D45      D45       6E         0
                text17                              327      327       D3         0
                text16                              E31      E31       8E         0
                text15                              B3C      B3C       2F         0
                text14                              3FA      3FA       EB         0
                text13                              C94      C94       56         0
                text12                              A01      A01        F         0
                text11                              9F5      9F5        C         0
                text10                              B6B      B6B       38         0
                text9                                F0       F0       B8         0
                text8                               C15      C15       3E         0
                text7                               A6E      A6E       18         0
                text6                               BDC      BDC       39         0
                text5                               DB3      DB3       7E         0
                text4                               4E5      4E5      2DB         0
                text3                               A9F      A9F       1E         0
                text2                               262      262       C5         0
                text1                               EBF      EBF       98         0
                maintext                             15       15       31         0
                clrtext                             9ED      9ED        8         0
                idataBANK1                          9E7      9E7        3         0
                idataBANK0                          9E6      9E6        1         0
                idataCOMMON                         9EA      9EA        3         0

        CLASS   STRCODE        

        CLASS   STRING         
                strings                             800      800       48         0

        CLASS   CONST          

        CLASS   ENTRY          

        CLASS   COMMON         
                cstackCOMMON                         71       71        8         1
                dataCOMMON                           79       79        3         1

        CLASS   BANK0          
                cstackBANK0                          20       20       48         1
                dataBANK0                            6F       6F        1         1
                bssBANK0                             68       68        7         1

        CLASS   BANK1          
                dataBANK1                            E1       E1        3         1
                bssBANK1                             A0       A0       41         1

        CLASS   BANK2          

        CLASS   BANK3          

        CLASS   RAM            

        CLASS   ABS1           
                abs_s1                               7E       7E        2         1

        CLASS   SFR0           

        CLASS   SFR1           

        CLASS   SFR2           

        CLASS   SFR3           

        CLASS   CONFIG         
                config                             2007     2007        1         0

        CLASS   IDLOC          

        CLASS   EEDATA         



SEGMENTS        Name                           Load    Length   Top    Selector   Space  Class     Delta

                reset_vec                      000000  000004  000004         0       0  CODE        2
                intentry                       000004  000042  000046         8       0  CODE        2
                cstackBANK0                    000020  000050  000070        20       1  BANK0       1
                cstackCOMMON                   000071  00000B  00007C        71       1  COMMON      1
                text21                         000046  0000AA  0000F0        8C       0  CODE        2
                bssBANK1                       0000A0  000044  0000E4        A0       1  BANK1       1
                text9                          0000F0  0000B8  0001A8       1E0       0  CODE        2
                text22                         0001A8  0000BA  000262       350       0  CODE        2
                text2                          000262  0000C5  000327       4C4       0  CODE        2
                text17                         000327  0000D3  0003FA       64E       0  CODE        2
                text14                         0003FA  0000EB  0004E5       7F4       0  CODE        2
                text4                          0004E5  0002DB  0007C0       9CA       0  CODE        2
                cinit                          0007C0  000040  000800       F80       0  CODE        2
                strings                        000800  000048  000848      1000       0  STRING      2
                idataBANK0                     0009E6  000001  0009E7      13CC       0  CODE        2
                idataBANK1                     0009E7  000003  0009EA      13CE       0  CODE        2
                idataCOMMON                    0009EA  000003  0009ED      13D4       0  CODE        2
                clrtext                        0009ED  000008  0009F5      13DA       0  CODE        2
                text11                         0009F5  00000C  000A01      13EA       0  CODE        2
                text12                         000A01  00000F  000A10      1402       0  CODE        2
                text29                         000A10  000010  000A20      1420       0  CODE        2
                text28                         000A20  000011  000A31      1440       0  CODE        2
                text32                         000A31  000012  000A43      1462       0  CODE        2
                text23                         000A43  000013  000A56      1486       0  CODE        2
                text30                         000A56  000018  000A6E      14AC       0  CODE        2
                text7                          000A6E  000018  000A86      14DC       0  CODE        2
                text31                         000A86  000019  000A9F      150C       0  CODE        2
                text3                          000A9F  00001E  000ABD      153E       0  CODE        2
                text33                         000ABD  00002A  000AE7      157A       0  CODE        2
                text26                         000AE7  00002A  000B11      15CE       0  CODE        2
                text20                         000B11  00002B  000B3C      1622       0  CODE        2
                text15                         000B3C  00002F  000B6B      1678       0  CODE        2
                text10                         000B6B  000038  000BA3      16D6       0  CODE        2
                text27                         000BA3  000039  000BDC      1746       0  CODE        2
                text6                          000BDC  000039  000C15      17B8       0  CODE        2
                text8                          000C15  00003E  000C53      182A       0  CODE        2
                text25                         000C53  000041  000C94      18A6       0  CODE        2
                text13                         000C94  000056  000CEA      1928       0  CODE        2
                text24                         000CEA  00005B  000D45      19D4       0  CODE        2
                text18                         000D45  00006E  000DB3      1A8A       0  CODE        2
                text5                          000DB3  00007E  000E31      1B66       0  CODE        2
                text16                         000E31  00008E  000EBF      1C62       0  CODE        2
                text1                          000EBF  000098  000F57      1D7E       0  CODE        2
                text19                         000F57  0000A9  001000      1EAE       0  CODE        2
                config                         002007  000001  002008      400E       0  CONFIG      2


UNUSED ADDRESS RANGES

        Name                Unused          Largest block    Delta
        BANK1            00E4-00EF              C           1
        BANK2            0120-0164             45           1
        BANK3            0190-01EF             60           1
        CODE             0848-09E5            19E           2
                         1000-1EFF            800
        COMMON           007C-007D              2           1
        CONST            0848-09E5             B8           2
                         1000-1EFF            100
        EEDATA           2100-21FF            100           2
        ENTRY            0848-09E5             B8           2
                         1000-1EFF            100
        IDLOC            2000-2003              4           2
        RAM              00E4-00EF              C           1
                         0120-0164             45
                         0190-01EF             60
        SFR0             0000-001F             20           1
        SFR1             0080-009F             20           1
        SFR2             0100-011F             20           1
        SFR3             0180-018F             10           1
        STACK            0190-01EF             60           1
        STRCODE          0848-09E5            19E           2
                         1000-1EFF            F00
        STRING           0848-09E5             B8           2
                         1000-1EFF            100

                                  Symbol Table

?___awdiv                    cstackBANK0  0020
?___ftdiv                    cstackBANK0  0040
?___ftmul                    cstackBANK0  0030
?___ftpack                   cstackBANK0  0020
?___fttol                    cstackBANK0  0040
?___lbtoft                   cstackBANK0  0028
?___lltoft                   cstackBANK0  0028
?___lwdiv                    cstackBANK0  0020
?___lwtoft                   cstackBANK0  0028
?_analogRead                 cstackBANK0  0020
?_sampleVoltage              cstackBANK0  0050
?_stopWatch                  cstackBANK0  004E
LCD4bitCmd@a                 cstackBANK0  0022
LCDSetBits@a                 cstackBANK0  0020
LCDSetCursor@a               cstackBANK0  0025
LCDWriteChar@a               cstackBANK0  0024
LCDWriteString@a             cstackBANK0  0025
LCDWriteString@i             cstackBANK0  002A
LCDcmd@a                     cstackBANK0  0024
_ADCON0                      (abs)        001F
_ADCON0bits                  (abs)        001F
_ADCON1                      (abs)        009F
_ADRESH                      (abs)        001E
_ADRESL                      (abs)        009E
_ANSEL                       (abs)        0091
_CCP1CON                     (abs)        0017
_CCP2CON                     (abs)        001D
_CMCON0bits                  (abs)        009C
_INTCONbits                  (abs)        000B
_LCD4bitCmd                  text28       0A20
_LCDCON                      (abs)        0107
_LCDDisplayMode              bssBANK0     006E
_LCDSetBits                  text30       0A56
_LCDSetCursor                text27       0BA3
_LCDWriteChar                text26       0AE7
_LCDWriteString              text25       0C53
_LCDcmd                      text20       0B11
_LVDCONbits                  (abs)        0109
_OPTION_REGbits              (abs)        0081
_OSCCONbits                  (abs)        008F
_PORTA                       (abs)        0005
_PORTB                       (abs)        0006
_PORTC                       (abs)        0007
_PORTD                       (abs)        0008
_PORTE                       (abs)        0009
_RA6                         (abs)        002E
_RA7                         (abs)        002F
_RB0                         (abs)        0030
_RB1                         (abs)        0031
_RB2                         (abs)        0032
_RB3                         (abs)        0033
_RB4                         (abs)        0034
_RB5                         (abs)        0035
_RC0                         (abs)        0038
_RC1                         (abs)        0039
_RC2                         (abs)        003A
_RC3                         (abs)        003B
_RD0                         (abs)        0040
_RD1                         (abs)        0041
_RD2                         (abs)        0042
_RD4                         (abs)        0044
_RD5                         (abs)        0045
_RD6                         (abs)        0046
_RD7                         (abs)        0047
_TMR0                        (abs)        0001
_TRISA                       (abs)        0085
_TRISB                       (abs)        0086
_TRISC                       (abs)        0087
_TRISD                       (abs)        0088
_TRISE                       (abs)        0089
__CFG_BOREN$OFF              (abs)        0000
__CFG_CP$OFF                 (abs)        0000
__CFG_CPD$OFF                (abs)        0000
__CFG_DEBUG$ON               (abs)        0000
__CFG_FCMEN$OFF              (abs)        0000
__CFG_FOSC$INTOSCIO          (abs)        0000
__CFG_IESO$ON                (abs)        0000
__CFG_MCLRE$ON               (abs)        0000
__CFG_PWRTE$OFF              (abs)        0000
__CFG_WDTE$OFF               (abs)        0000
__Habs1                      abs1         0000
__Hbank0                     bank0        0000
__Hbank1                     bank1        0000
__Hbank2                     bank2        0000
__Hbank3                     bank3        0000
__HbssBANK0                  bssBANK0     0000
__HbssBANK1                  bssBANK1     0000
__Hcinit                     cinit        0800
__Hclrtext                   clrtext      0000
__Hcode                      code         0000
__Hcommon                    common       0000
__Hconfig                    config       2008
__HcstackBANK0               cstackBANK0  0000
__HcstackCOMMON              cstackCOMMON 0000
__HdataBANK0                 dataBANK0    0000
__HdataBANK1                 dataBANK1    0000
__HdataCOMMON                dataCOMMON   0000
__Heeprom_data               eeprom_data  0000
__Hend_init                  end_init     0015
__Hfunctab                   functab      0000
__HidataBANK0                idataBANK0   0000
__HidataBANK1                idataBANK1   0000
__HidataCOMMON               idataCOMMON  0000
__Hidloc                     idloc        0000
__Hinit                      init         0012
__Hintentry                  intentry     0012
__Hmaintext                  maintext     0000
__Hpowerup                   powerup      0000
__Hram                       ram          0000
__Hreset_vec                 reset_vec    0004
__Hsfr0                      sfr0         0000
__Hsfr1                      sfr1         0000
__Hsfr2                      sfr2         0000
__Hsfr3                      sfr3         0000
__Hspace_0                   (abs)        2008
__Hspace_1                   (abs)        00E4
__Hspace_2                   (abs)        0000
__Hspace_3                   (abs)        0000
__Hstack                     stack        0000
__Hstrings                   strings      0000
__Htext                      text         0000
__Labs1                      abs1         0000
__Lbank0                     bank0        0000
__Lbank1                     bank1        0000
__Lbank2                     bank2        0000
__Lbank3                     bank3        0000
__LbssBANK0                  bssBANK0     0000
__LbssBANK1                  bssBANK1     0000
__Lcinit                     cinit        07C0
__Lclrtext                   clrtext      0000
__Lcode                      code         0000
__Lcommon                    common       0000
__Lconfig                    config       2007
__LcstackBANK0               cstackBANK0  0000
__LcstackCOMMON              cstackCOMMON 0000
__LdataBANK0                 dataBANK0    0000
__LdataBANK1                 dataBANK1    0000
__LdataCOMMON                dataCOMMON   0000
__Leeprom_data               eeprom_data  0000
__Lend_init                  end_init     0012
__Lfunctab                   functab      0000
__LidataBANK0                idataBANK0   0000
__LidataBANK1                idataBANK1   0000
__LidataCOMMON               idataCOMMON  0000
__Lidloc                     idloc        0000
__Linit                      init         0012
__Lintentry                  intentry     0004
__Lmaintext                  maintext     0000
__Lpowerup                   powerup      0000
__Lram                       ram          0000
__Lreset_vec                 reset_vec    0000
__Lsfr0                      sfr0         0000
__Lsfr1                      sfr1         0000
__Lsfr2                      sfr2         0000
__Lsfr3                      sfr3         0000
__Lspace_0                   (abs)        0000
__Lspace_1                   (abs)        0000
__Lspace_2                   (abs)        0000
__Lspace_3                   (abs)        0000
__Lstack                     stack        0000
__Lstrings                   strings      0000
__Ltext                      text         0000
__S0                         (abs)        2008
__S1                         (abs)        00E4
__S2                         (abs)        0000
__S3                         (abs)        0000
___awdiv                     text24       0CEA
___awdiv@counter             cstackBANK0  0025
___awdiv@dividend            cstackBANK0  0022
___awdiv@divisor             cstackBANK0  0020
___awdiv@quotient            cstackBANK0  0027
___awdiv@sign                cstackBANK0  0026
___bmul                      text23       0A43
___bmul@multiplicand         cstackBANK0  0020
___bmul@multiplier           cstackBANK0  0023
___bmul@product              cstackBANK0  0022
___ftdiv                     text9        00F0
___ftdiv@cntr                cstackBANK0  004A
___ftdiv@exp                 cstackBANK0  004E
___ftdiv@f1                  cstackBANK0  0043
___ftdiv@f2                  cstackBANK0  0040
___ftdiv@f3                  cstackBANK0  004B
___ftdiv@sign                cstackBANK0  004F
___ftmul                     text17       0327
___ftmul@cntr                cstackBANK0  003E
___ftmul@exp                 cstackBANK0  003A
___ftmul@f1                  cstackBANK0  0030
___ftmul@f2                  cstackBANK0  0033
___ftmul@f3_as_product       cstackBANK0  003B
___ftmul@sign                cstackBANK0  003F
___ftpack                    text18       0D45
___ftpack@arg                cstackBANK0  0020
___ftpack@exp                cstackBANK0  0023
___ftpack@sign               cstackBANK0  0024
___fttol                     text16       0E31
___fttol@exp1                cstackBANK0  004D
___fttol@f1                  cstackBANK0  0040
___fttol@lval                cstackBANK0  0049
___fttol@sign1               cstackBANK0  0048
___int_sp                    stack        0000
___latbits                   (abs)        0002
___lbtoft                    text3        0A9F
___lbtoft@c                  cstackBANK0  002F
___lltoft                    text15       0B3C
___lltoft@c                  cstackBANK0  0028
___lltoft@exp                cstackBANK0  002D
___lwdiv                     text8        0C15
___lwdiv@counter             cstackBANK0  0027
___lwdiv@dividend            cstackBANK0  0022
___lwdiv@divisor             cstackBANK0  0020
___lwdiv@quotient            cstackBANK0  0025
___lwtoft                    text7        0A6E
___lwtoft@c                  cstackBANK0  0028
___sp                        stack        0000
__end_of_LCD4bitCmd          text28       0A31
__end_of_LCDSetBits          text30       0A6E
__end_of_LCDSetCursor        text27       0BDC
__end_of_LCDWriteChar        text26       0B11
__end_of_LCDWriteString      text25       0C94
__end_of_LCDcmd              text20       0B3C
__end_of___awdiv             text24       0D45
__end_of___bmul              text23       0A56
__end_of___ftdiv             text9        01A8
__end_of___ftmul             text17       03FA
__end_of___ftpack            text18       0DB3
__end_of___fttol             text16       0EBF
__end_of___lbtoft            text3        0ABD
__end_of___lltoft            text15       0B6B
__end_of___lwdiv             text8        0C53
__end_of___lwtoft            text7        0A86
__end_of__initialization     cinit        07FC
__end_of__stringtab          strings      0810
__end_of_analogRead          text6        0C15
__end_of_cell1RDT            strings      0818
__end_of_cell2RDT            strings      081A
__end_of_cell3RDT            strings      081C
__end_of_cell4RDT            strings      081E
__end_of_cell5RDT            strings      0820
__end_of_cell6RDT            strings      0822
__end_of_cellRDB             strings      0824
__end_of_convConst           strings      0813
__end_of_currentGainInit     text31       0A9F
__end_of_displayLCD          text21       00F0
__end_of_handlePB            text13       0CEA
__end_of_initADC             text12       0A10
__end_of_initController      text10       0BA3
__end_of_initLCD             text19       1000
__end_of_isr                 text32       0A43
__end_of_isrTimer0           text33       0AE7
__end_of_main                maintext     0046
__end_of_pulse               text29       0A20
__end_of_refVolt             strings      0816
__end_of_sampleBatteryCells  text4        07C0
__end_of_sampleCurrent       text2        0327
__end_of_sampleReference     text1        0F57
__end_of_sampleVoltage       text5        0E31
__end_of_stopWatch           text14       04E5
__end_of_timeSetup           text11       0A01
__end_of_uint8ToASCII        text22       0262
__initialization             cinit        07C0
__pbssBANK0                  bssBANK0     0068
__pbssBANK1                  bssBANK1     00A0
__pcstackBANK0               cstackBANK0  0020
__pcstackCOMMON              cstackCOMMON 0071
__pdataBANK0                 dataBANK0    006F
__pdataBANK1                 dataBANK1    00E1
__pdataCOMMON                dataCOMMON   0079
__pidataBANK0                idataBANK0   09E6
__pidataBANK1                idataBANK1   09E7
__pidataCOMMON               idataCOMMON  09EA
__pintentry                  intentry     0004
__pmaintext                  maintext     0015
__pstrings                   strings      0800
__ptext1                     text1        0EBF
__ptext10                    text10       0B6B
__ptext11                    text11       09F5
__ptext12                    text12       0A01
__ptext13                    text13       0C94
__ptext14                    text14       03FA
__ptext15                    text15       0B3C
__ptext16                    text16       0E31
__ptext17                    text17       0327
__ptext18                    text18       0D45
__ptext19                    text19       0F57
__ptext2                     text2        0262
__ptext20                    text20       0B11
__ptext21                    text21       0046
__ptext22                    text22       01A8
__ptext23                    text23       0A43
__ptext24                    text24       0CEA
__ptext25                    text25       0C53
__ptext26                    text26       0AE7
__ptext27                    text27       0BA3
__ptext28                    text28       0A20
__ptext29                    text29       0A10
__ptext3                     text3        0A9F
__ptext30                    text30       0A56
__ptext31                    text31       0A86
__ptext32                    text32       0A31
__ptext33                    text33       0ABD
__ptext4                     text4        04E5
__ptext5                     text5        0DB3
__ptext6                     text6        0BDC
__ptext7                     text7        0A6E
__ptext8                     text8        0C15
__ptext9                     text9        00F0
__size_of_LCD4bitCmd         (abs)        0000
__size_of_LCDSetBits         (abs)        0000
__size_of_LCDSetCursor       (abs)        0000
__size_of_LCDWriteChar       (abs)        0000
__size_of_LCDWriteString     (abs)        0000
__size_of_LCDcmd             (abs)        0000
__size_of___awdiv            (abs)        0000
__size_of___bmul             (abs)        0000
__size_of___ftdiv            (abs)        0000
__size_of___ftmul            (abs)        0000
__size_of___ftpack           (abs)        0000
__size_of___fttol            (abs)        0000
__size_of___lbtoft           (abs)        0000
__size_of___lltoft           (abs)        0000
__size_of___lwdiv            (abs)        0000
__size_of___lwtoft           (abs)        0000
__size_of_analogRead         (abs)        0000
__size_of_currentGainInit    (abs)        0000
__size_of_displayLCD         (abs)        0000
__size_of_handlePB           (abs)        0000
__size_of_initADC            (abs)        0000
__size_of_initController     (abs)        0000
__size_of_initLCD            (abs)        0000
__size_of_isr                (abs)        0000
__size_of_isrTimer0          (abs)        0000
__size_of_main               (abs)        0000
__size_of_pulse              (abs)        0000
__size_of_sampleBatteryCells (abs)        0000
__size_of_sampleCurrent      (abs)        0000
__size_of_sampleReference    (abs)        0000
__size_of_sampleVoltage      (abs)        0000
__size_of_stopWatch          (abs)        0000
__size_of_timeSetup          (abs)        0000
__size_of_uint8ToASCII       (abs)        0000
__stringbase                 strings      080F
__stringtab                  strings      0800
_analogRead                  text6        0BDC
_cell1RDT                    strings      0816
_cell2RDT                    strings      0818
_cell3RDT                    strings      081A
_cell4RDT                    strings      081C
_cell5RDT                    strings      081E
_cell6RDT                    strings      0820
_cellRDB                     strings      0822
_cellVolt                    bssBANK1     00A0
_convConst                   strings      0810
_current                     bssBANK1     00DE
_currentGain                 dataBANK0    006F
_currentGainInit             text31       0A86
_displayLCD                  text21       0046
_handlePB                    text13       0C94
_initADC                     text12       0A01
_initController              text10       0B6B
_initLCD                     text19       0F57
_isr                         text32       0A31
_isrTimer0                   text33       0ABD
_main                        maintext     0015
_pulse                       text29       0A10
_refValue                    bssBANK0     006C
_refVolt                     strings      0813
_sampleBatteryCells          text4        04E5
_sampleBatteryCells$868      cstackBANK0  005D
_sampleCurrent               text2        0262
_sampleCurrent$869           cstackBANK0  0050
_sampleReference             text1        0EBF
_sampleVoltage               text5        0DB3
_shuntRes                    dataBANK1    00E1
_stopWatch                   text14       03FA
_supVolt                     dataCOMMON   0079
_time                        bssBANK0     0068
_timeSetup                   text11       09F5
_uint8ToASCII                text22       01A8
analogRead@chan              cstackBANK0  0024
analogRead@returnVal         cstackBANK0  0025
btemp                        (abs)        007E
clear_ram0                   clrtext      09ED
currentGainInit@gain         cstackBANK0  0020
displayLCD@F2774             bssBANK1     00D2
displayLCD@F2776             bssBANK1     00D6
displayLCD@disp              cstackBANK0  0038
displayLCD@temp1             cstackBANK0  003B
displayLCD@temp2             cstackBANK0  003F
end_of_initialization        cinit        07FC
interrupt_function           intentry     0004
intlevel0                    functab      0000
intlevel1                    functab      0000
intlevel2                    functab      0000
intlevel3                    functab      0000
intlevel4                    functab      0000
intlevel5                    functab      0000
ltemp                        (abs)        007E
ltemp0                       (abs)        007E
ltemp1                       (abs)        0082
ltemp2                       (abs)        0086
ltemp3                       (abs)        0080
reset_vec                    reset_vec    0000
sampleCurrent@i              cstackBANK0  0053
sampleCurrent@temp           cstackBANK0  0055
sampleReference@i            cstackBANK0  0052
sampleVoltage@chan           cstackBANK0  0054
sampleVoltage@i              cstackBANK0  0055
sampleVoltage@temp           cstackBANK0  0057
saved_w                      (abs)        007E
stackhi                      (abs)        0000
stacklo                      (abs)        0000
start                        init         0012
start_initialization         cinit        07C0
stopWatch@mode               cstackBANK0  005E
stopWatch@startTime          bssBANK1     00DA
stopWatch@temp               cstackBANK0  005F
ttemp                        (abs)        007E
ttemp0                       (abs)        007E
ttemp1                       (abs)        0081
ttemp2                       (abs)        0084
ttemp3                       (abs)        0087
ttemp4                       (abs)        007F
uint8ToASCII@divisor         cstackBANK0  0035
uint8ToASCII@i               cstackBANK0  0036
uint8ToASCII@j               cstackBANK0  0032
uint8ToASCII@k               cstackBANK0  0034
uint8ToASCII@leading         cstackBANK0  0031
uint8ToASCII@num             cstackBANK0  0029
uint8ToASCII@prevSum         cstackBANK0  0030
uint8ToASCII@returnVal       cstackBANK0  0037
wtemp                        (abs)        007E
wtemp0                       (abs)        007E
wtemp1                       (abs)        0080
wtemp2                       (abs)        0082
wtemp3                       (abs)        0084
wtemp4                       (abs)        0086
wtemp5                       (abs)        0088
wtemp6                       (abs)        007F


FUNCTION INFORMATION:

 *************** function _main *****************
 Defined at:
		line 64 in file "PIC16F917 Battery Management.c"
 Parameters:    Size  Location     Type
		None
 Auto vars:     Size  Location     Type
		None
 Return value:  Size  Location     Type
		None               void
 Registers used:
		wreg, fsr0l, fsr0h, status,2, status,0, btemp+1, pclath, cstack
 Tracked objects:
		On entry : 
		On exit  : 
		Unchanged: 
 Data sizes:     COMMON   BANK0   BANK1   BANK3   BANK2
      Params:         0       0       0       0       0
      Locals:         0       0       0       0       0
      Temps:          0       2       0       0       0
      Totals:         0       2       0       0       0
Total ram usage:        2 bytes
 Hardware stack levels required when called:    6
 This function calls:
		_currentGainInit
		_displayLCD
		_handlePB
		_initController
		_sampleBatteryCells
		_sampleCurrent
		_sampleReference
 This function is called by:
		Startup code after reset
 This function uses a non-reentrant model


 *************** function _sampleReference *****************
 Defined at:
		line 119 in file "PIC16F917 Battery Management.c"
 Parameters:    Size  Location     Type
		None
 Auto vars:     Size  Location     Type
  i               2   50[BANK0 ] int 
 Return value:  Size  Location     Type
		None               void
 Registers used:
		wreg, fsr0l, fsr0h, status,2, status,0, btemp+1, pclath, cstack
 Tracked objects:
		On entry : 
		On exit  : 
		Unchanged: 
 Data sizes:     COMMON   BANK0   BANK1   BANK3   BANK2
      Params:         0       0       0       0       0
      Locals:         0       2       0       0       0
      Temps:          0       2       0       0       0
      Totals:         0       4       0       0       0
Total ram usage:        4 bytes
 Hardware stack levels used:    1
 Hardware stack levels required when called:    4
 This function calls:
		___ftdiv
		___ftmul
		___lwdiv
		___lwtoft
		_analogRead
 This function is called by:
		_main
		_checkCurrent
 This function uses a non-reentrant model


 *************** function _sampleCurrent *****************
 Defined at:
		line 160 in file "PIC16F917 Battery Management.c"
 Parameters:    Size  Location     Type
		None
 Auto vars:     Size  Location     Type
  i               2   51[BANK0 ] int 
  temp            2   53[BANK0 ] unsigned int 
 Return value:  Size  Location     Type
		None               void
 Registers used:
		wreg, status,2, status,0, btemp+1, pclath, cstack
 Tracked objects:
		On entry : 
		On exit  : 
		Unchanged: 
 Data sizes:     COMMON   BANK0   BANK1   BANK3   BANK2
      Params:         0       0       0       0       0
      Locals:         0       7       0       0       0
      Temps:          0       0       0       0       0
      Totals:         0       7       0       0       0
Total ram usage:        7 bytes
 Hardware stack levels used:    1
 Hardware stack levels required when called:    4
 This function calls:
		___ftdiv
		___ftmul
		___lbtoft
		___lwdiv
		___lwtoft
		_analogRead
 This function is called by:
		_main
		_checkCurrent
 This function uses a non-reentrant model


 *************** function ___lbtoft *****************
 Defined at:
		line 27 in file "C:\Program Files (x86)\Microchip\xc8\v1.34\sources\common\lbtoft.c"
 Parameters:    Size  Location     Type
  c               1    wreg     unsigned char 
 Auto vars:     Size  Location     Type
  c               1   15[BANK0 ] unsigned char 
 Return value:  Size  Location     Type
                  3    8[BANK0 ] float 
 Registers used:
		wreg, status,2, status,0, pclath, cstack
 Tracked objects:
		On entry : 
		On exit  : 
		Unchanged: 
 Data sizes:     COMMON   BANK0   BANK1   BANK3   BANK2
      Params:         0       3       0       0       0
      Locals:         0       1       0       0       0
      Temps:          0       4       0       0       0
      Totals:         0       8       0       0       0
Total ram usage:        8 bytes
 Hardware stack levels used:    1
 Hardware stack levels required when called:    3
 This function calls:
		___ftpack
 This function is called by:
		_sampleCurrent
 This function uses a non-reentrant model


 *************** function _sampleBatteryCells *****************
 Defined at:
		line 89 in file "PIC16F917 Battery Management.c"
 Parameters:    Size  Location     Type
		None
 Auto vars:     Size  Location     Type
		None
 Return value:  Size  Location     Type
		None               void
 Registers used:
		wreg, fsr0l, fsr0h, status,2, status,0, btemp+1, pclath, cstack
 Tracked objects:
		On entry : 
		On exit  : 
		Unchanged: 
 Data sizes:     COMMON   BANK0   BANK1   BANK3   BANK2
      Params:         0       0       0       0       0
      Locals:         0       3       0       0       0
      Temps:          0       4       0       0       0
      Totals:         0       7       0       0       0
Total ram usage:        7 bytes
 Hardware stack levels used:    1
 Hardware stack levels required when called:    5
 This function calls:
		___ftmul
		___lwdiv
		___lwtoft
		_sampleVoltage
 This function is called by:
		_main
 This function uses a non-reentrant model


 *************** function _sampleVoltage *****************
 Defined at:
		line 145 in file "PIC16F917 Battery Management.c"
 Parameters:    Size  Location     Type
  chan            1    wreg     enum E2715
 Auto vars:     Size  Location     Type
  chan            1   52[BANK0 ] enum E2715
  i               2   53[BANK0 ] int 
  temp            2   55[BANK0 ] unsigned int 
 Return value:  Size  Location     Type
                  3   48[BANK0 ] float 
 Registers used:
		wreg, status,2, status,0, btemp+1, pclath, cstack
 Tracked objects:
		On entry : 
		On exit  : 
		Unchanged: 
 Data sizes:     COMMON   BANK0   BANK1   BANK3   BANK2
      Params:         0       4       0       0       0
      Locals:         0       5       0       0       0
      Temps:          0       0       0       0       0
      Totals:         0       9       0       0       0
Total ram usage:        9 bytes
 Hardware stack levels used:    1
 Hardware stack levels required when called:    4
 This function calls:
		___ftdiv
		___ftmul
		___lwdiv
		___lwtoft
		_analogRead
 This function is called by:
		_sampleBatteryCells
 This function uses a non-reentrant model


 *************** function _analogRead *****************
 Defined at:
		line 73 in file "adc.h"
 Parameters:    Size  Location     Type
  chan            1    wreg     unsigned char 
 Auto vars:     Size  Location     Type
  chan            1    4[BANK0 ] unsigned char 
  returnVal       2    5[BANK0 ] unsigned int 
 Return value:  Size  Location     Type
                  2    0[BANK0 ] unsigned int 
 Registers used:
		wreg, status,2, status,0
 Tracked objects:
		On entry : 
		On exit  : 
		Unchanged: 
 Data sizes:     COMMON   BANK0   BANK1   BANK3   BANK2
      Params:         0       2       0       0       0
      Locals:         0       3       0       0       0
      Temps:          0       2       0       0       0
      Totals:         0       7       0       0       0
Total ram usage:        7 bytes
 Hardware stack levels used:    1
 Hardware stack levels required when called:    2
 This function calls:
		Nothing
 This function is called by:
		_sampleReference
		_sampleVoltage
		_sampleCurrent
 This function uses a non-reentrant model


 *************** function ___lwtoft *****************
 Defined at:
		line 28 in file "C:\Program Files (x86)\Microchip\xc8\v1.34\sources\common\lwtoft.c"
 Parameters:    Size  Location     Type
  c               2    8[BANK0 ] unsigned int 
 Auto vars:     Size  Location     Type
		None
 Return value:  Size  Location     Type
                  3    8[BANK0 ] float 
 Registers used:
		wreg, status,2, status,0, pclath, cstack
 Tracked objects:
		On entry : 
		On exit  : 
		Unchanged: 
 Data sizes:     COMMON   BANK0   BANK1   BANK3   BANK2
      Params:         0       3       0       0       0
      Locals:         0       0       0       0       0
      Temps:          0       1       0       0       0
      Totals:         0       4       0       0       0
Total ram usage:        4 bytes
 Hardware stack levels used:    1
 Hardware stack levels required when called:    3
 This function calls:
		___ftpack
 This function is called by:
		_sampleBatteryCells
		_sampleReference
		_sampleVoltage
		_sampleCurrent
 This function uses a non-reentrant model


 *************** function ___lwdiv *****************
 Defined at:
		line 6 in file "C:\Program Files (x86)\Microchip\xc8\v1.34\sources\common\lwdiv.c"
 Parameters:    Size  Location     Type
  divisor         2    0[BANK0 ] unsigned int 
  dividend        2    2[BANK0 ] unsigned int 
 Auto vars:     Size  Location     Type
  quotient        2    5[BANK0 ] unsigned int 
  counter         1    7[BANK0 ] unsigned char 
 Return value:  Size  Location     Type
                  2    0[BANK0 ] unsigned int 
 Registers used:
		wreg, status,2, status,0
 Tracked objects:
		On entry : 
		On exit  : 
		Unchanged: 
 Data sizes:     COMMON   BANK0   BANK1   BANK3   BANK2
      Params:         0       4       0       0       0
      Locals:         0       3       0       0       0
      Temps:          0       1       0       0       0
      Totals:         0       8       0       0       0
Total ram usage:        8 bytes
 Hardware stack levels used:    1
 Hardware stack levels required when called:    2
 This function calls:
		Nothing
 This function is called by:
		_sampleBatteryCells
		_sampleReference
		_sampleVoltage
		_sampleCurrent
		_uint16ToASCII
 This function uses a non-reentrant model


 *************** function ___ftdiv *****************
 Defined at:
		line 56 in file "C:\Program Files (x86)\Microchip\xc8\v1.34\sources\common\ftdiv.c"
 Parameters:    Size  Location     Type
  f2              3   32[BANK0 ] float 
  f1              3   35[BANK0 ] float 
 Auto vars:     Size  Location     Type
  f3              3   43[BANK0 ] float 
  sign            1   47[BANK0 ] unsigned char 
  exp             1   46[BANK0 ] unsigned char 
  cntr            1   42[BANK0 ] unsigned char 
 Return value:  Size  Location     Type
                  3   32[BANK0 ] float 
 Registers used:
		wreg, status,2, status,0, pclath, cstack
 Tracked objects:
		On entry : 
		On exit  : 
		Unchanged: 
 Data sizes:     COMMON   BANK0   BANK1   BANK3   BANK2
      Params:         0       6       0       0       0
      Locals:         0       6       0       0       0
      Temps:          0       4       0       0       0
      Totals:         0      16       0       0       0
Total ram usage:       16 bytes
 Hardware stack levels used:    1
 Hardware stack levels required when called:    3
 This function calls:
		___ftpack
 This function is called by:
		_sampleReference
		_sampleVoltage
		_sampleCurrent
		_floatToASCII
 This function uses a non-reentrant model


 *************** function _initController *****************
 Defined at:
		line 211 in file "setup.h"
 Parameters:    Size  Location     Type
		None
 Auto vars:     Size  Location     Type
		None
 Return value:  Size  Location     Type
		None               void
 Registers used:
		wreg, status,2, status,0, pclath, cstack
 Tracked objects:
		On entry : 
		On exit  : 
		Unchanged: 
 Data sizes:     COMMON   BANK0   BANK1   BANK3   BANK2
      Params:         0       0       0       0       0
      Locals:         0       0       0       0       0
      Temps:          0       0       0       0       0
      Totals:         0       0       0       0       0
Total ram usage:        0 bytes
 Hardware stack levels used:    1
 Hardware stack levels required when called:    5
 This function calls:
		_initADC
		_initLCD
		_timeSetup
 This function is called by:
		_main
 This function uses a non-reentrant model


 *************** function _timeSetup *****************
 Defined at:
		line 49 in file "timer0.h"
 Parameters:    Size  Location     Type
		None
 Auto vars:     Size  Location     Type
		None
 Return value:  Size  Location     Type
		None               void
 Registers used:
		wreg, status,2, status,0
 Tracked objects:
		On entry : 
		On exit  : 
		Unchanged: 
 Data sizes:     COMMON   BANK0   BANK1   BANK3   BANK2
      Params:         0       0       0       0       0
      Locals:         0       0       0       0       0
      Temps:          0       0       0       0       0
      Totals:         0       0       0       0       0
Total ram usage:        0 bytes
 Hardware stack levels used:    1
 Hardware stack levels required when called:    2
 This function calls:
		Nothing
 This function is called by:
		_initController
 This function uses a non-reentrant model


 *************** function _initADC *****************
 Defined at:
		line 56 in file "adc.h"
 Parameters:    Size  Location     Type
		None
 Auto vars:     Size  Location     Type
		None
 Return value:  Size  Location     Type
		None               void
 Registers used:
		wreg, status,2
 Tracked objects:
		On entry : 
		On exit  : 
		Unchanged: 
 Data sizes:     COMMON   BANK0   BANK1   BANK3   BANK2
      Params:         0       0       0       0       0
      Locals:         0       0       0       0       0
      Temps:          0       0       0       0       0
      Totals:         0       0       0       0       0
Total ram usage:        0 bytes
 Hardware stack levels used:    1
 Hardware stack levels required when called:    2
 This function calls:
		Nothing
 This function is called by:
		_initController
 This function uses a non-reentrant model


 *************** function _handlePB *****************
 Defined at:
		line 298 in file "PIC16F917 Battery Management.c"
 Parameters:    Size  Location     Type
		None
 Auto vars:     Size  Location     Type
		None
 Return value:  Size  Location     Type
		None               void
 Registers used:
		wreg, fsr0l, fsr0h, status,2, status,0, pclath, cstack
 Tracked objects:
		On entry : 
		On exit  : 
		Unchanged: 
 Data sizes:     COMMON   BANK0   BANK1   BANK3   BANK2
      Params:         0       0       0       0       0
      Locals:         0       0       0       0       0
      Temps:          0       3       0       0       0
      Totals:         0       3       0       0       0
Total ram usage:        3 bytes
 Hardware stack levels used:    1
 Hardware stack levels required when called:    5
 This function calls:
		_initLCD
		_stopWatch
 This function is called by:
		_main
 This function uses a non-reentrant model


 *************** function _stopWatch *****************
 Defined at:
		line 81 in file "timer0.h"
 Parameters:    Size  Location     Type
  mode            1    wreg     unsigned char 
 Auto vars:     Size  Location     Type
  mode            1   62[BANK0 ] unsigned char 
  temp            4   63[BANK0 ] unsigned long 
 Return value:  Size  Location     Type
                  4   46[BANK0 ] unsigned long 
 Registers used:
		wreg, fsr0l, fsr0h, status,2, status,0, pclath, cstack
 Tracked objects:
		On entry : 
		On exit  : 
		Unchanged: 
 Data sizes:     COMMON   BANK0   BANK1   BANK3   BANK2
      Params:         0       4       0       0       0
      Locals:         0       5       0       0       0
      Temps:          0      12       0       0       0
      Totals:         0      21       0       0       0
Total ram usage:       21 bytes
 Hardware stack levels used:    1
 Hardware stack levels required when called:    4
 This function calls:
		___ftmul
		___fttol
		___lltoft
 This function is called by:
		_handlePB
 This function uses a non-reentrant model


 *************** function ___lltoft *****************
 Defined at:
		line 35 in file "C:\Program Files (x86)\Microchip\xc8\v1.34\sources\common\lltoft.c"
 Parameters:    Size  Location     Type
  c               4    8[BANK0 ] unsigned long 
 Auto vars:     Size  Location     Type
  exp             1   13[BANK0 ] unsigned char 
 Return value:  Size  Location     Type
                  3    8[BANK0 ] float 
 Registers used:
		wreg, status,2, status,0, pclath, cstack
 Tracked objects:
		On entry : 
		On exit  : 
		Unchanged: 
 Data sizes:     COMMON   BANK0   BANK1   BANK3   BANK2
      Params:         0       4       0       0       0
      Locals:         0       1       0       0       0
      Temps:          0       1       0       0       0
      Totals:         0       6       0       0       0
Total ram usage:        6 bytes
 Hardware stack levels used:    1
 Hardware stack levels required when called:    3
 This function calls:
		___ftpack
 This function is called by:
		_stopWatch
		_floatToASCII
		_currentTime
 This function uses a non-reentrant model


 *************** function ___fttol *****************
 Defined at:
		line 44 in file "C:\Program Files (x86)\Microchip\xc8\v1.34\sources\common\fttol.c"
 Parameters:    Size  Location     Type
  f1              3   32[BANK0 ] float 
 Auto vars:     Size  Location     Type
  lval            4   41[BANK0 ] unsigned long 
  exp1            1   45[BANK0 ] unsigned char 
  sign1           1   40[BANK0 ] unsigned char 
 Return value:  Size  Location     Type
                  4   32[BANK0 ] long 
 Registers used:
		wreg, status,2, status,0
 Tracked objects:
		On entry : 
		On exit  : 
		Unchanged: 
 Data sizes:     COMMON   BANK0   BANK1   BANK3   BANK2
      Params:         0       4       0       0       0
      Locals:         0       6       0       0       0
      Temps:          0       4       0       0       0
      Totals:         0      14       0       0       0
Total ram usage:       14 bytes
 Hardware stack levels used:    1
 Hardware stack levels required when called:    2
 This function calls:
		Nothing
 This function is called by:
		_stopWatch
		_floatToASCII
		_currentTime
 This function uses a non-reentrant model


 *************** function ___ftmul *****************
 Defined at:
		line 62 in file "C:\Program Files (x86)\Microchip\xc8\v1.34\sources\common\ftmul.c"
 Parameters:    Size  Location     Type
  f1              3   16[BANK0 ] float 
  f2              3   19[BANK0 ] float 
 Auto vars:     Size  Location     Type
  f3_as_produc    3   27[BANK0 ] unsigned um
  sign            1   31[BANK0 ] unsigned char 
  cntr            1   30[BANK0 ] unsigned char 
  exp             1   26[BANK0 ] unsigned char 
 Return value:  Size  Location     Type
                  3   16[BANK0 ] float 
 Registers used:
		wreg, status,2, status,0, pclath, cstack
 Tracked objects:
		On entry : 
		On exit  : 
		Unchanged: 
 Data sizes:     COMMON   BANK0   BANK1   BANK3   BANK2
      Params:         0       6       0       0       0
      Locals:         0       6       0       0       0
      Temps:          0       4       0       0       0
      Totals:         0      16       0       0       0
Total ram usage:       16 bytes
 Hardware stack levels used:    1
 Hardware stack levels required when called:    3
 This function calls:
		___ftpack
 This function is called by:
		_stopWatch
		_sampleBatteryCells
		_sampleReference
		_sampleVoltage
		_sampleCurrent
		_floatToASCII
		_currentTime
 This function uses a non-reentrant model


 *************** function ___ftpack *****************
 Defined at:
		line 62 in file "C:\Program Files (x86)\Microchip\xc8\v1.34\sources\common\float.c"
 Parameters:    Size  Location     Type
  arg             3    0[BANK0 ] unsigned um
  exp             1    3[BANK0 ] unsigned char 
  sign            1    4[BANK0 ] unsigned char 
 Auto vars:     Size  Location     Type
		None
 Return value:  Size  Location     Type
                  3    0[BANK0 ] float 
 Registers used:
		wreg, status,2, status,0
 Tracked objects:
		On entry : 
		On exit  : 
		Unchanged: 
 Data sizes:     COMMON   BANK0   BANK1   BANK3   BANK2
      Params:         0       5       0       0       0
      Locals:         0       0       0       0       0
      Temps:          0       3       0       0       0
      Totals:         0       8       0       0       0
Total ram usage:        8 bytes
 Hardware stack levels used:    1
 Hardware stack levels required when called:    2
 This function calls:
		Nothing
 This function is called by:
		___ftdiv
		___ftmul
		___lbtoft
		___lltoft
		___lwtoft
 This function uses a non-reentrant model


 *************** function _initLCD *****************
 Defined at:
		line 52 in file "lcd.h"
 Parameters:    Size  Location     Type
		None
 Auto vars:     Size  Location     Type
		None
 Return value:  Size  Location     Type
		None               void
 Registers used:
		wreg, status,2, status,0, pclath, cstack
 Tracked objects:
		On entry : 
		On exit  : 
		Unchanged: 
 Data sizes:     COMMON   BANK0   BANK1   BANK3   BANK2
      Params:         0       0       0       0       0
      Locals:         0       0       0       0       0
      Temps:          0       3       0       0       0
      Totals:         0       3       0       0       0
Total ram usage:        3 bytes
 Hardware stack levels used:    1
 Hardware stack levels required when called:    4
 This function calls:
		_LCDSetBits
		_LCDcmd
		_pulse
 This function is called by:
		_initController
		_handlePB
 This function uses a non-reentrant model


 *************** function _LCDcmd *****************
 Defined at:
		line 111 in file "lcd.h"
 Parameters:    Size  Location     Type
  a               1    wreg     unsigned char 
 Auto vars:     Size  Location     Type
  a               1    4[BANK0 ] unsigned char 
 Return value:  Size  Location     Type
		None               void
 Registers used:
		wreg, status,2, status,0, pclath, cstack
 Tracked objects:
		On entry : 
		On exit  : 
		Unchanged: 
 Data sizes:     COMMON   BANK0   BANK1   BANK3   BANK2
      Params:         0       0       0       0       0
      Locals:         0       1       0       0       0
      Temps:          0       2       0       0       0
      Totals:         0       3       0       0       0
Total ram usage:        3 bytes
 Hardware stack levels used:    1
 Hardware stack levels required when called:    3
 This function calls:
		_LCDSetBits
		_pulse
 This function is called by:
		_initLCD
		_clearLCD
 This function uses a non-reentrant model


 *************** function _displayLCD *****************
 Defined at:
		line 179 in file "PIC16F917 Battery Management.c"
 Parameters:    Size  Location     Type
  disp            2   24[BANK0 ] int 
 Auto vars:     Size  Location     Type
  temp2           4   31[BANK0 ] unsigned char [4]
  temp1           4   27[BANK0 ] unsigned char [4]
 Return value:  Size  Location     Type
		None               void
 Registers used:
		wreg, fsr0l, fsr0h, status,2, status,0, btemp+1, pclath, cstack
 Tracked objects:
		On entry : 
		On exit  : 
		Unchanged: 
 Data sizes:     COMMON   BANK0   BANK1   BANK3   BANK2
      Params:         0       2       0       0       0
      Locals:         0       8       0       0       0
      Temps:          0       1       0       0       0
      Totals:         0      11       0       0       0
Total ram usage:       11 bytes
 Hardware stack levels used:    1
 Hardware stack levels required when called:    5
 This function calls:
		_LCDSetCursor
		_LCDWriteString
		_uint8ToASCII
 This function is called by:
		_main
 This function uses a non-reentrant model


 *************** function _uint8ToASCII *****************
 Defined at:
		line 176 in file "lcd.h"
 Parameters:    Size  Location     Type
  returnVal       1    wreg     PTR unsigned char 
		 -> displayLCD@temp2(4), displayLCD@temp1(4), 
  num             1    9[BANK0 ] unsigned char 
 Auto vars:     Size  Location     Type
  returnVal       1   23[BANK0 ] PTR unsigned char 
		 -> displayLCD@temp2(4), displayLCD@temp1(4), 
  k               1   20[BANK0 ] unsigned char 
  j               2   18[BANK0 ] int 
  i               1   22[BANK0 ] unsigned char 
  divisor         1   21[BANK0 ] unsigned char 
  leading         1   17[BANK0 ] unsigned char 
  prevSum         1   16[BANK0 ] unsigned char 
 Return value:  Size  Location     Type
		None               void
 Registers used:
		wreg, fsr0l, fsr0h, status,2, status,0, btemp+1, pclath, cstack
 Tracked objects:
		On entry : 
		On exit  : 
		Unchanged: 
 Data sizes:     COMMON   BANK0   BANK1   BANK3   BANK2
      Params:         0       1       0       0       0
      Locals:         0       8       0       0       0
      Temps:          0       6       0       0       0
      Totals:         0      15       0       0       0
Total ram usage:       15 bytes
 Hardware stack levels used:    1
 Hardware stack levels required when called:    3
 This function calls:
		___awdiv
		___bmul
 This function is called by:
		_displayLCD
 This function uses a non-reentrant model


 *************** function ___bmul *****************
 Defined at:
		line 4 in file "C:\Program Files (x86)\Microchip\xc8\v1.34\sources\common\Umul8.c"
 Parameters:    Size  Location     Type
  multiplier      1    wreg     unsigned char 
  multiplicand    1    0[BANK0 ] unsigned char 
 Auto vars:     Size  Location     Type
  multiplier      1    3[BANK0 ] unsigned char 
  product         1    2[BANK0 ] unsigned char 
 Return value:  Size  Location     Type
                  1    wreg      unsigned char 
 Registers used:
		wreg, status,2, status,0
 Tracked objects:
		On entry : 
		On exit  : 
		Unchanged: 
 Data sizes:     COMMON   BANK0   BANK1   BANK3   BANK2
      Params:         0       1       0       0       0
      Locals:         0       2       0       0       0
      Temps:          0       1       0       0       0
      Totals:         0       4       0       0       0
Total ram usage:        4 bytes
 Hardware stack levels used:    1
 Hardware stack levels required when called:    2
 This function calls:
		Nothing
 This function is called by:
		_uint8ToASCII
 This function uses a non-reentrant model


 *************** function ___awdiv *****************
 Defined at:
		line 6 in file "C:\Program Files (x86)\Microchip\xc8\v1.34\sources\common\awdiv.c"
 Parameters:    Size  Location     Type
  divisor         2    0[BANK0 ] int 
  dividend        2    2[BANK0 ] int 
 Auto vars:     Size  Location     Type
  quotient        2    7[BANK0 ] int 
  sign            1    6[BANK0 ] unsigned char 
  counter         1    5[BANK0 ] unsigned char 
 Return value:  Size  Location     Type
                  2    0[BANK0 ] int 
 Registers used:
		wreg, status,2, status,0
 Tracked objects:
		On entry : 
		On exit  : 
		Unchanged: 
 Data sizes:     COMMON   BANK0   BANK1   BANK3   BANK2
      Params:         0       4       0       0       0
      Locals:         0       4       0       0       0
      Temps:          0       1       0       0       0
      Totals:         0       9       0       0       0
Total ram usage:        9 bytes
 Hardware stack levels used:    1
 Hardware stack levels required when called:    2
 This function calls:
		Nothing
 This function is called by:
		_uint8ToASCII
 This function uses a non-reentrant model


 *************** function _LCDWriteString *****************
 Defined at:
		line 163 in file "lcd.h"
 Parameters:    Size  Location     Type
  a               2    5[BANK0 ] PTR const unsigned char 
		 -> STR_4(9), STR_3(9), STR_2(9), STR_1(9), 
		 -> displayLCD@temp2(4), displayLCD@temp1(4), 
 Auto vars:     Size  Location     Type
  i               2   10[BANK0 ] int 
 Return value:  Size  Location     Type
		None               void
 Registers used:
		wreg, fsr0l, fsr0h, status,2, status,0, btemp+1, pclath, cstack
 Tracked objects:
		On entry : 
		On exit  : 
		Unchanged: 
 Data sizes:     COMMON   BANK0   BANK1   BANK3   BANK2
      Params:         0       2       0       0       0
      Locals:         0       2       0       0       0
      Temps:          0       3       0       0       0
      Totals:         0       7       0       0       0
Total ram usage:        7 bytes
 Hardware stack levels used:    1
 Hardware stack levels required when called:    4
 This function calls:
		_LCDWriteChar
 This function is called by:
		_displayLCD
 This function uses a non-reentrant model


 *************** function _LCDWriteChar *****************
 Defined at:
		line 131 in file "lcd.h"
 Parameters:    Size  Location     Type
  a               1    wreg     unsigned char 
 Auto vars:     Size  Location     Type
  a               1    4[BANK0 ] unsigned char 
 Return value:  Size  Location     Type
		None               void
 Registers used:
		wreg, status,2, status,0, pclath, cstack
 Tracked objects:
		On entry : 
		On exit  : 
		Unchanged: 
 Data sizes:     COMMON   BANK0   BANK1   BANK3   BANK2
      Params:         0       0       0       0       0
      Locals:         0       1       0       0       0
      Temps:          0       2       0       0       0
      Totals:         0       3       0       0       0
Total ram usage:        3 bytes
 Hardware stack levels used:    1
 Hardware stack levels required when called:    3
 This function calls:
		_LCDSetBits
		_pulse
 This function is called by:
		_LCDWriteString
 This function uses a non-reentrant model


 *************** function _LCDSetCursor *****************
 Defined at:
		line 146 in file "lcd.h"
 Parameters:    Size  Location     Type
  a               1    wreg     unsigned char 
 Auto vars:     Size  Location     Type
  a               1    5[BANK0 ] unsigned char 
 Return value:  Size  Location     Type
		None               void
 Registers used:
		wreg, status,2, status,0, pclath, cstack
 Tracked objects:
		On entry : 
		On exit  : 
		Unchanged: 
 Data sizes:     COMMON   BANK0   BANK1   BANK3   BANK2
      Params:         0       0       0       0       0
      Locals:         0       1       0       0       0
      Temps:          0       2       0       0       0
      Totals:         0       3       0       0       0
Total ram usage:        3 bytes
 Hardware stack levels used:    1
 Hardware stack levels required when called:    4
 This function calls:
		_LCD4bitCmd
 This function is called by:
		_displayLCD
 This function uses a non-reentrant model


 *************** function _LCD4bitCmd *****************
 Defined at:
		line 123 in file "lcd.h"
 Parameters:    Size  Location     Type
  a               1    wreg     unsigned char 
 Auto vars:     Size  Location     Type
  a               1    2[BANK0 ] unsigned char 
 Return value:  Size  Location     Type
		None               void
 Registers used:
		wreg, status,2, status,0, pclath, cstack
 Tracked objects:
		On entry : 
		On exit  : 
		Unchanged: 
 Data sizes:     COMMON   BANK0   BANK1   BANK3   BANK2
      Params:         0       0       0       0       0
      Locals:         0       1       0       0       0
      Temps:          0       0       0       0       0
      Totals:         0       1       0       0       0
Total ram usage:        1 bytes
 Hardware stack levels used:    1
 Hardware stack levels required when called:    3
 This function calls:
		_LCDSetBits
		_pulse
 This function is called by:
		_LCDSetCursor
 This function uses a non-reentrant model


 *************** function _pulse *****************
 Defined at:
		line 102 in file "lcd.h"
 Parameters:    Size  Location     Type
		None
 Auto vars:     Size  Location     Type
		None
 Return value:  Size  Location     Type
		None               void
 Registers used:
		wreg
 Tracked objects:
		On entry : 
		On exit  : 
		Unchanged: 
 Data sizes:     COMMON   BANK0   BANK1   BANK3   BANK2
      Params:         0       0       0       0       0
      Locals:         0       0       0       0       0
      Temps:          0       2       0       0       0
      Totals:         0       2       0       0       0
Total ram usage:        2 bytes
 Hardware stack levels used:    1
 Hardware stack levels required when called:    2
 This function calls:
		Nothing
 This function is called by:
		_initLCD
		_LCDcmd
		_LCD4bitCmd
		_LCDWriteChar
 This function uses a non-reentrant model


 *************** function _LCDSetBits *****************
 Defined at:
		line 79 in file "lcd.h"
 Parameters:    Size  Location     Type
  a               1    wreg     unsigned char 
 Auto vars:     Size  Location     Type
  a               1    0[BANK0 ] unsigned char 
 Return value:  Size  Location     Type
		None               void
 Registers used:
		wreg
 Tracked objects:
		On entry : 
		On exit  : 
		Unchanged: 
 Data sizes:     COMMON   BANK0   BANK1   BANK3   BANK2
      Params:         0       0       0       0       0
      Locals:         0       1       0       0       0
      Temps:          0       0       0       0       0
      Totals:         0       1       0       0       0
Total ram usage:        1 bytes
 Hardware stack levels used:    1
 Hardware stack levels required when called:    2
 This function calls:
		Nothing
 This function is called by:
		_initLCD
		_LCDcmd
		_LCD4bitCmd
		_LCDWriteChar
 This function uses a non-reentrant model


 *************** function _currentGainInit *****************
 Defined at:
		line 260 in file "PIC16F917 Battery Management.c"
 Parameters:    Size  Location     Type
  gain            1    wreg     unsigned char 
 Auto vars:     Size  Location     Type
  gain            1    0[BANK0 ] unsigned char 
 Return value:  Size  Location     Type
		None               void
 Registers used:
		wreg, status,2, status,0
 Tracked objects:
		On entry : 
		On exit  : 
		Unchanged: 
 Data sizes:     COMMON   BANK0   BANK1   BANK3   BANK2
      Params:         0       0       0       0       0
      Locals:         0       1       0       0       0
      Temps:          0       0       0       0       0
      Totals:         0       1       0       0       0
Total ram usage:        1 bytes
 Hardware stack levels used:    1
 Hardware stack levels required when called:    2
 This function calls:
		Nothing
 This function is called by:
		_main
 This function uses a non-reentrant model


 *************** function _isr *****************
 Defined at:
		line 255 in file "setup.h"
 Parameters:    Size  Location     Type
		None
 Auto vars:     Size  Location     Type
		None
 Return value:  Size  Location     Type
		None               void
 Registers used:
		wreg, status,2, status,0, pclath, cstack
 Tracked objects:
		On entry : 
		On exit  : 
		Unchanged: 
 Data sizes:     COMMON   BANK0   BANK1   BANK3   BANK2
      Params:         0       0       0       0       0
      Locals:         0       0       0       0       0
      Temps:          4       0       0       0       0
      Totals:         4       0       0       0       0
Total ram usage:        4 bytes
 Hardware stack levels used:    1
 Hardware stack levels required when called:    1
 This function calls:
		_isrTimer0
 This function is called by:
		Interrupt level 1
 This function uses a non-reentrant model


 *************** function _isrTimer0 *****************
 Defined at:
		line 64 in file "timer0.h"
 Parameters:    Size  Location     Type
		None
 Auto vars:     Size  Location     Type
		None
 Return value:  Size  Location     Type
		None               void
 Registers used:
		wreg
 Tracked objects:
		On entry : 
		On exit  : 
		Unchanged: 
 Data sizes:     COMMON   BANK0   BANK1   BANK3   BANK2
      Params:         0       0       0       0       0
      Locals:         0       0       0       0       0
      Temps:          4       0       0       0       0
      Totals:         4       0       0       0       0
Total ram usage:        4 bytes
 Hardware stack levels used:    1
 This function calls:
		Nothing
 This function is called by:
		_isr
 This function uses a non-reentrant model



MODULE INFORMATION

Module		Function		Class		Link	Load	Size
C:\Program Files (x86)\Microchip\xc8\v1.34\sources\common\float.c
		___ftpack      		CODE           	0D45	0000	111

C:\Program Files (x86)\Microchip\xc8\v1.34\sources\common\float.c estimated size: 111

PIC16F917 Battery Management.c
		_sampleBatteryC		CODE           	04E5	0000	732
		_displayLCD    		CODE           	0046	0000	171
		_sampleCurrent 		CODE           	0262	0000	198
		_main          		CODE           	0015	0000	50
		_sampleVoltage 		CODE           	0DB3	0000	127
		_currentGainIni		CODE           	0A86	0000	26
		_handlePB      		CODE           	0C94	0000	87
		_sampleReferenc		CODE           	0EBF	0000	153

PIC16F917 Battery Management.c estimated size: 1544

timer0.h
		_stopWatch     		CODE           	03FA	0000	236
		_timeSetup     		CODE           	09F5	0000	13
		_isrTimer0     		CODE           	0ABD	0000	43

timer0.h estimated size: 292

C:\Program Files (x86)\Microchip\xc8\v1.34\sources\common\lbtoft.c
		___lbtoft      		CODE           	0A9F	0000	31

C:\Program Files (x86)\Microchip\xc8\v1.34\sources\common\lbtoft.c estimated size: 31

adc.h
		_initADC       		CODE           	0A01	0000	16
		_analogRead    		CODE           	0BDC	0000	58

adc.h estimated size: 74

C:\Program Files (x86)\Microchip\xc8\v1.34\sources\common\ftmul.c
		___ftmul       		CODE           	0327	0000	212

C:\Program Files (x86)\Microchip\xc8\v1.34\sources\common\ftmul.c estimated size: 212

C:\Program Files (x86)\Microchip\xc8\v1.34\sources\common\lwtoft.c
		___lwtoft      		CODE           	0A6E	0000	25

C:\Program Files (x86)\Microchip\xc8\v1.34\sources\common\lwtoft.c estimated size: 25

C:\Program Files (x86)\Microchip\xc8\v1.34\sources\common\ftdiv.c
		___ftdiv       		CODE           	00F0	0000	185

C:\Program Files (x86)\Microchip\xc8\v1.34\sources\common\ftdiv.c estimated size: 185

C:\Program Files (x86)\Microchip\xc8\v1.34\sources\common\lltoft.c
		___lltoft      		CODE           	0B3C	0000	48

C:\Program Files (x86)\Microchip\xc8\v1.34\sources\common\lltoft.c estimated size: 48

shared
		__stringtab    		STRING         	0800	0000	17
		_cellRDB       		STRING         	0822	0000	3
		_cell4RDT      		STRING         	081C	0000	3
		_refVolt       		STRING         	0813	0000	4
		_cell5RDT      		STRING         	081E	0000	3
		__initializatio		CODE           	07C0	0000	61
		_cell6RDT      		STRING         	0820	0000	3
		_cell1RDT      		STRING         	0816	0000	3
		_convConst     		STRING         	0810	0000	4
		_cell2RDT      		STRING         	0818	0000	3
		_cell3RDT      		STRING         	081A	0000	3

shared estimated size: 107

C:\Program Files (x86)\Microchip\xc8\v1.34\sources\common\lwdiv.c
		___lwdiv       		CODE           	0C15	0000	63

C:\Program Files (x86)\Microchip\xc8\v1.34\sources\common\lwdiv.c estimated size: 63

C:\Program Files (x86)\Microchip\xc8\v1.34\sources\common\awdiv.c
		___awdiv       		CODE           	0CEA	0000	92

C:\Program Files (x86)\Microchip\xc8\v1.34\sources\common\awdiv.c estimated size: 92

setup.h
		_isr           		CODE           	0A31	0000	19
		_initController		CODE           	0B6B	0000	57

setup.h estimated size: 76

lcd.h
		_LCDSetBits    		CODE           	0A56	0000	25
		_uint8ToASCII  		CODE           	01A8	0000	187
		_LCDWriteChar  		CODE           	0AE7	0000	43
		_LCD4bitCmd    		CODE           	0A20	0000	18
		_LCDWriteString		CODE           	0C53	0000	66
		_pulse         		CODE           	0A10	0000	17
		_LCDSetCursor  		CODE           	0BA3	0000	58
		_LCDcmd        		CODE           	0B11	0000	44
		_initLCD       		CODE           	0F57	0000	170

lcd.h estimated size: 628

C:\Program Files (x86)\Microchip\xc8\v1.34\sources\common\Umul8.c
		___bmul        		CODE           	0A43	0000	20

C:\Program Files (x86)\Microchip\xc8\v1.34\sources\common\Umul8.c estimated size: 20

C:\Program Files (x86)\Microchip\xc8\v1.34\sources\common\fttol.c
		___fttol       		CODE           	0E31	0000	143

C:\Program Files (x86)\Microchip\xc8\v1.34\sources\common\fttol.c estimated size: 143

